Archive member included to satisfy reference by file (symbol)

/Applications/STM32CubeIDE.app/Contents/Eclipse/plugins/com.st.stm32cube.ide.mcu.externaltools.gnu-tools-for-stm32.7-2018-q2-update.macos64_1.0.0.201904181610/tools/bin/../lib/gcc/arm-none-eabi/7.3.1/../../../../arm-none-eabi/lib/thumb/v7e-m/fpv4-sp/hard/libc.a(lib_a-atof.o)
                              Example/User/main.o (atof)
/Applications/STM32CubeIDE.app/Contents/Eclipse/plugins/com.st.stm32cube.ide.mcu.externaltools.gnu-tools-for-stm32.7-2018-q2-update.macos64_1.0.0.201904181610/tools/bin/../lib/gcc/arm-none-eabi/7.3.1/../../../../arm-none-eabi/lib/thumb/v7e-m/fpv4-sp/hard/libc.a(lib_a-atoi.o)
                              Example/User/main.o (atoi)
/Applications/STM32CubeIDE.app/Contents/Eclipse/plugins/com.st.stm32cube.ide.mcu.externaltools.gnu-tools-for-stm32.7-2018-q2-update.macos64_1.0.0.201904181610/tools/bin/../lib/gcc/arm-none-eabi/7.3.1/../../../../arm-none-eabi/lib/thumb/v7e-m/fpv4-sp/hard/libc.a(lib_a-exit.o)
                              /Applications/STM32CubeIDE.app/Contents/Eclipse/plugins/com.st.stm32cube.ide.mcu.externaltools.gnu-tools-for-stm32.7-2018-q2-update.macos64_1.0.0.201904181610/tools/bin/../lib/gcc/arm-none-eabi/7.3.1/../../../../arm-none-eabi/lib/thumb/v7e-m/fpv4-sp/hard/crt0.o (exit)
/Applications/STM32CubeIDE.app/Contents/Eclipse/plugins/com.st.stm32cube.ide.mcu.externaltools.gnu-tools-for-stm32.7-2018-q2-update.macos64_1.0.0.201904181610/tools/bin/../lib/gcc/arm-none-eabi/7.3.1/../../../../arm-none-eabi/lib/thumb/v7e-m/fpv4-sp/hard/libc.a(lib_a-impure.o)
                              /Applications/STM32CubeIDE.app/Contents/Eclipse/plugins/com.st.stm32cube.ide.mcu.externaltools.gnu-tools-for-stm32.7-2018-q2-update.macos64_1.0.0.201904181610/tools/bin/../lib/gcc/arm-none-eabi/7.3.1/../../../../arm-none-eabi/lib/thumb/v7e-m/fpv4-sp/hard/libc.a(lib_a-exit.o) (_global_impure_ptr)
/Applications/STM32CubeIDE.app/Contents/Eclipse/plugins/com.st.stm32cube.ide.mcu.externaltools.gnu-tools-for-stm32.7-2018-q2-update.macos64_1.0.0.201904181610/tools/bin/../lib/gcc/arm-none-eabi/7.3.1/../../../../arm-none-eabi/lib/thumb/v7e-m/fpv4-sp/hard/libc.a(lib_a-init.o)
                              /Applications/STM32CubeIDE.app/Contents/Eclipse/plugins/com.st.stm32cube.ide.mcu.externaltools.gnu-tools-for-stm32.7-2018-q2-update.macos64_1.0.0.201904181610/tools/bin/../lib/gcc/arm-none-eabi/7.3.1/../../../../arm-none-eabi/lib/thumb/v7e-m/fpv4-sp/hard/crt0.o (__libc_init_array)
/Applications/STM32CubeIDE.app/Contents/Eclipse/plugins/com.st.stm32cube.ide.mcu.externaltools.gnu-tools-for-stm32.7-2018-q2-update.macos64_1.0.0.201904181610/tools/bin/../lib/gcc/arm-none-eabi/7.3.1/../../../../arm-none-eabi/lib/thumb/v7e-m/fpv4-sp/hard/libc.a(lib_a-malloc.o)
                              Example/User/main.o (malloc)
/Applications/STM32CubeIDE.app/Contents/Eclipse/plugins/com.st.stm32cube.ide.mcu.externaltools.gnu-tools-for-stm32.7-2018-q2-update.macos64_1.0.0.201904181610/tools/bin/../lib/gcc/arm-none-eabi/7.3.1/../../../../arm-none-eabi/lib/thumb/v7e-m/fpv4-sp/hard/libc.a(lib_a-mallocr.o)
                              /Applications/STM32CubeIDE.app/Contents/Eclipse/plugins/com.st.stm32cube.ide.mcu.externaltools.gnu-tools-for-stm32.7-2018-q2-update.macos64_1.0.0.201904181610/tools/bin/../lib/gcc/arm-none-eabi/7.3.1/../../../../arm-none-eabi/lib/thumb/v7e-m/fpv4-sp/hard/libc.a(lib_a-malloc.o) (_malloc_r)
/Applications/STM32CubeIDE.app/Contents/Eclipse/plugins/com.st.stm32cube.ide.mcu.externaltools.gnu-tools-for-stm32.7-2018-q2-update.macos64_1.0.0.201904181610/tools/bin/../lib/gcc/arm-none-eabi/7.3.1/../../../../arm-none-eabi/lib/thumb/v7e-m/fpv4-sp/hard/libc.a(lib_a-memcpy-stub.o)
                              Example/User/main.o (memcpy)
/Applications/STM32CubeIDE.app/Contents/Eclipse/plugins/com.st.stm32cube.ide.mcu.externaltools.gnu-tools-for-stm32.7-2018-q2-update.macos64_1.0.0.201904181610/tools/bin/../lib/gcc/arm-none-eabi/7.3.1/../../../../arm-none-eabi/lib/thumb/v7e-m/fpv4-sp/hard/libc.a(lib_a-memset.o)
                              /Applications/STM32CubeIDE.app/Contents/Eclipse/plugins/com.st.stm32cube.ide.mcu.externaltools.gnu-tools-for-stm32.7-2018-q2-update.macos64_1.0.0.201904181610/tools/bin/../lib/gcc/arm-none-eabi/7.3.1/../../../../arm-none-eabi/lib/thumb/v7e-m/fpv4-sp/hard/crt0.o (memset)
/Applications/STM32CubeIDE.app/Contents/Eclipse/plugins/com.st.stm32cube.ide.mcu.externaltools.gnu-tools-for-stm32.7-2018-q2-update.macos64_1.0.0.201904181610/tools/bin/../lib/gcc/arm-none-eabi/7.3.1/../../../../arm-none-eabi/lib/thumb/v7e-m/fpv4-sp/hard/libc.a(lib_a-mlock.o)
                              /Applications/STM32CubeIDE.app/Contents/Eclipse/plugins/com.st.stm32cube.ide.mcu.externaltools.gnu-tools-for-stm32.7-2018-q2-update.macos64_1.0.0.201904181610/tools/bin/../lib/gcc/arm-none-eabi/7.3.1/../../../../arm-none-eabi/lib/thumb/v7e-m/fpv4-sp/hard/libc.a(lib_a-mallocr.o) (__malloc_lock)
[...]
Memory Configuration

Name             Origin             Length             Attributes
FLASH            0x0000000008000000 0x0000000000080000 xr
RAM              0x0000000020000000 0x0000000000018000 xrw
*default*        0x0000000000000000 0xffffffffffffffff

Linker script and memory map

LOAD /Applications/STM32CubeIDE.app/Contents/Eclipse/plugins/com.st.stm32cube.ide.mcu.externaltools.gnu-tools-for-stm32.7-2018-q2-update.macos64_1.0.0.201904181610/tools/bin/../lib/gcc/arm-none-eabi/7.3.1/thumb/v7e-m/fpv4-sp/hard/crti.o
LOAD /Applications/STM32CubeIDE.app/Contents/Eclipse/plugins/com.st.stm32cube.ide.mcu.externaltools.gnu-tools-for-stm32.7-2018-q2-update.macos64_1.0.0.201904181610/tools/bin/../lib/gcc/arm-none-eabi/7.3.1/thumb/v7e-m/fpv4-sp/hard/crtbegin.o
LOAD /Applications/STM32CubeIDE.app/Contents/Eclipse/plugins/com.st.stm32cube.ide.mcu.externaltools.gnu-tools-for-stm32.7-2018-q2-update.macos64_1.0.0.201904181610/tools/bin/../lib/gcc/arm-none-eabi/7.3.1/../../../../arm-none-eabi/lib/thumb/v7e-m/fpv4-sp/hard/crt0.o
LOAD Drivers/BSP/Components/l6474/l6474.o
LOAD Drivers/BSP/STM32F4xx-Nucleo/stm32f4xx_nucleo.o
LOAD Drivers/BSP/STM32F4xx-Nucleo/x_nucleo_ihm01a1_stm32f4xx.o
LOAD Drivers/BSP/X-NUCLEO-IHMxx/x_nucleo_ihmxx.o
LOAD Drivers/CMSIS/system_stm32f4xx.o
LOAD Drivers/STM32F4xx_HAL_Driver/stm32f4xx_hal.o
LOAD Drivers/STM32F4xx_HAL_Driver/stm32f4xx_hal_cortex.o
LOAD Drivers/STM32F4xx_HAL_Driver/stm32f4xx_hal_dma.o
LOAD Drivers/STM32F4xx_HAL_Driver/stm32f4xx_hal_flash.o
LOAD Drivers/STM32F4xx_HAL_Driver/stm32f4xx_hal_flash_ex.o
LOAD Drivers/STM32F4xx_HAL_Driver/stm32f4xx_hal_gpio.o
LOAD Drivers/STM32F4xx_HAL_Driver/stm32f4xx_hal_rcc.o
LOAD Drivers/STM32F4xx_HAL_Driver/stm32f4xx_hal_rcc_ex.o
LOAD Drivers/STM32F4xx_HAL_Driver/stm32f4xx_hal_spi.o
LOAD Drivers/STM32F4xx_HAL_Driver/stm32f4xx_hal_tim.o
LOAD Drivers/STM32F4xx_HAL_Driver/stm32f4xx_hal_tim_ex.o
LOAD Drivers/STM32F4xx_HAL_Driver/stm32f4xx_hal_uart.o
LOAD Example/User/clock_f4.o
LOAD Example/User/main.o
LOAD Example/User/stm32f4xx_hal_msp.o
LOAD Example/User/stm32f4xx_it.o
LOAD startup/startup_stm32f401xe.o
START GROUP
LOAD /Applications/STM32CubeIDE.app/Contents/Eclipse/plugins/com.st.stm32cube.ide.mcu.externaltools.gnu-tools-for-stm32.7-2018-q2-update.macos64_1.0.0.201904181610/tools/bin/../lib/gcc/arm-none-eabi/7.3.1/../../../../arm-none-eabi/lib/thumb/v7e-m/fpv4-sp/hard/libc.a
LOAD /Applications/STM32CubeIDE.app/Contents/Eclipse/plugins/com.st.stm32cube.ide.mcu.externaltools.gnu-tools-for-stm32.7-2018-q2-update.macos64_1.0.0.201904181610/tools/bin/../lib/gcc/arm-none-eabi/7.3.1/../../../../arm-none-eabi/lib/thumb/v7e-m/fpv4-sp/hard/libm.a
END GROUP
START GROUP
LOAD /Applications/STM32CubeIDE.app/Contents/Eclipse/plugins/com.st.stm32cube.ide.mcu.externaltools.gnu-tools-for-stm32.7-2018-q2-update.macos64_1.0.0.201904181610/tools/bin/../lib/gcc/arm-none-eabi/7.3.1/thumb/v7e-m/fpv4-sp/hard/libgcc.a
LOAD /Applications/STM32CubeIDE.app/Contents/Eclipse/plugins/com.st.stm32cube.ide.mcu.externaltools.gnu-tools-for-stm32.7-2018-q2-update.macos64_1.0.0.201904181610/tools/bin/../lib/gcc/arm-none-eabi/7.3.1/../../../../arm-none-eabi/lib/thumb/v7e-m/fpv4-sp/hard/libc.a
END GROUP
START GROUP
LOAD /Applications/STM32CubeIDE.app/Contents/Eclipse/plugins/com.st.stm32cube.ide.mcu.externaltools.gnu-tools-for-stm32.7-2018-q2-update.macos64_1.0.0.201904181610/tools/bin/../lib/gcc/arm-none-eabi/7.3.1/thumb/v7e-m/fpv4-sp/hard/libgcc.a
LOAD /Applications/STM32CubeIDE.app/Contents/Eclipse/plugins/com.st.stm32cube.ide.mcu.externaltools.gnu-tools-for-stm32.7-2018-q2-update.macos64_1.0.0.201904181610/tools/bin/../lib/gcc/arm-none-eabi/7.3.1/../../../../arm-none-eabi/lib/thumb/v7e-m/fpv4-sp/hard/libc.a
LOAD /Applications/STM32CubeIDE.app/Contents/Eclipse/plugins/com.st.stm32cube.ide.mcu.externaltools.gnu-tools-for-stm32.7-2018-q2-update.macos64_1.0.0.201904181610/tools/bin/../lib/gcc/arm-none-eabi/7.3.1/../../../../arm-none-eabi/lib/thumb/v7e-m/fpv4-sp/hard/libnosys.a
END GROUP
LOAD /Applications/STM32CubeIDE.app/Contents/Eclipse/plugins/com.st.stm32cube.ide.mcu.externaltools.gnu-tools-for-stm32.7-2018-q2-update.macos64_1.0.0.201904181610/tools/bin/../lib/gcc/arm-none-eabi/7.3.1/thumb/v7e-m/fpv4-sp/hard/crtend.o
LOAD /Applications/STM32CubeIDE.app/Contents/Eclipse/plugins/com.st.stm32cube.ide.mcu.externaltools.gnu-tools-for-stm32.7-2018-q2-update.macos64_1.0.0.201904181610/tools/bin/../lib/gcc/arm-none-eabi/7.3.1/thumb/v7e-m/fpv4-sp/hard/crtn.o
                0x0000000020018000                _estack = 0x20018000
                0x0000000000000200                _Min_Heap_Size = 0x200
                0x0000000000000400                _Min_Stack_Size = 0x400

.isr_vector     0x0000000008000000      0x194
                0x0000000008000000                . = ALIGN (0x4)
 *(.isr_vector)
 .isr_vector    0x0000000008000000      0x194 startup/startup_stm32f401xe.o
                0x0000000008000000                g_pfnVectors
                0x0000000008000194                . = ALIGN (0x4)

.text           0x00000000080001a0    0x18020
                0x00000000080001a0                . = ALIGN (0x4)
 *(.text)
 .text          0x00000000080001a0       0x40 /Applications/STM32CubeIDE.app/Contents/Eclipse/plugins/com.st.stm32cube.ide.mcu.externaltools.gnu-tools-for-stm32.7-2018-q2-update.macos64_1.0.0.201904181610/tools/bin/../lib/gcc/arm-none-eabi/7.3.1/thumb/v7e-m/fpv4-sp/hard/crtbegin.o
 .text          0x00000000080001e0       0x14 /Applications/STM32CubeIDE.app/Contents/Eclipse/plugins/com.st.stm32cube.ide.mcu.externaltools.gnu-tools-for-stm32.7-2018-q2-update.macos64_1.0.0.201904181610/tools/bin/../lib/gcc/arm-none-eabi/7.3.1/../../../../arm-none-eabi/lib/thumb/v7e-m/fpv4-sp/hard/libc.a(lib_a-strcmp.o)
                0x00000000080001e0                strcmp
 .text          0x00000000080001f4       0x10 /Applications/STM32CubeIDE.app/Contents/Eclipse/plugins/com.st.stm32cube.ide.mcu.externaltools.gnu-tools-for-stm32.7-2018-q2-update.macos64_1.0.0.201904181610/tools/bin/../lib/gcc/arm-none-eabi/7.3.1/../../../../arm-none-eabi/lib/thumb/v7e-m/fpv4-sp/hard/libc.a(lib_a-strlen.o)
                0x00000000080001f4                strlen
 *fill*         0x0000000008000204        0xc 
 .text          0x0000000008000210       0xa0 /Applications/STM32CubeIDE.app/Contents/Eclipse/plugins/com.st.stm32cube.ide.mcu.externaltools.gnu-tools-for-stm32.7-2018-q2-update.macos64_1.0.0.201904181610/tools/bin/../lib/gcc/arm-none-eabi/7.3.1/../../../../arm-none-eabi/lib/thumb/v7e-m/fpv4-sp/hard/libc.a(lib_a-memchr.o)
                0x0000000008000210                memchr
 .text          0x00000000080002b0      0x378 /Applications/STM32CubeIDE.app/Contents/Eclipse/plugins/com.st.stm32cube.ide.mcu.externaltools.gnu-tools-for-stm32.7-2018-q2-update.macos64_1.0.0.201904181610/tools/bin/../lib/gcc/arm-none-eabi/7.3.1/thumb/v7e-m/fpv4-sp/hard/libgcc.a(_arm_addsubdf3.o)
                0x00000000080002b0                __aeabi_drsub
                0x00000000080002b8                __subdf3
                0x00000000080002b8                __aeabi_dsub
                0x00000000080002bc                __aeabi_dadd
                0x00000000080002bc                __adddf3
                0x0000000008000534                __aeabi_ui2d
                0x0000000008000534                __floatunsidf
                0x0000000008000554                __floatsidf
                0x0000000008000554                __aeabi_i2d
                0x0000000008000578                __extendsfdf2
                0x0000000008000578                __aeabi_f2d
                0x00000000080005bc                __aeabi_ul2d
                0x00000000080005bc                __floatundidf
                0x00000000080005cc                __aeabi_l2d
                0x00000000080005cc                __floatdidf
 .text          0x0000000008000628      0x424 /Applications/STM32CubeIDE.app/Contents/Eclipse/plugins/com.st.stm32cube.ide.mcu.externaltools.gnu-tools-for-stm32.7-2018-q2-update.macos64_1.0.0.201904181610/tools/bin/../lib/gcc/arm-none-eabi/7.3.1/thumb/v7e-m/fpv4-sp/hard/libgcc.a(_arm_muldivdf3.o)
                0x0000000008000628                __aeabi_dmul
                0x0000000008000628                __muldf3
                0x000000000800087c                __aeabi_ddiv
                0x000000000800087c                __divdf3
 .text          0x0000000008000a4c      0x110 /Applications/STM32CubeIDE.app/Contents/Eclipse/plugins/com.st.stm32cube.ide.mcu.externaltools.gnu-tools-for-stm32.7-2018-q2-update.macos64_1.0.0.201904181610/tools/bin/../lib/gcc/arm-none-eabi/7.3.1/thumb/v7e-m/fpv4-sp/hard/libgcc.a(_arm_cmpdf2.o)
                0x0000000008000a4c                __gedf2
                0x0000000008000a4c                __gtdf2
                0x0000000008000a54                __ledf2
                0x0000000008000a54                __ltdf2
                0x0000000008000a5c                __cmpdf2
                0x0000000008000a5c                __eqdf2
                0x0000000008000a5c                __nedf2
                0x0000000008000ad8                __aeabi_cdrcmple
                0x0000000008000ae8                __aeabi_cdcmple
                0x0000000008000ae8                __aeabi_cdcmpeq
                0x0000000008000af8                __aeabi_dcmpeq
                0x0000000008000b0c                __aeabi_dcmplt
                0x0000000008000b20                __aeabi_dcmple
                0x0000000008000b34                __aeabi_dcmpge
                0x0000000008000b48                __aeabi_dcmpgt
 .text          0x0000000008000b5c       0x2c /Applications/STM32CubeIDE.app/Contents/Eclipse/plugins/com.st.stm32cube.ide.mcu.externaltools.gnu-tools-for-stm32.7-2018-q2-update.macos64_1.0.0.201904181610/tools/bin/../lib/gcc/arm-none-eabi/7.3.1/thumb/v7e-m/fpv4-sp/hard/libgcc.a(_arm_unorddf2.o)
                0x0000000008000b5c                __aeabi_dcmpun
                0x0000000008000b5c                __unorddf2
 .text          0x0000000008000b88       0x50 /Applications/STM32CubeIDE.app/Contents/Eclipse/plugins/com.st.stm32cube.ide.mcu.externaltools.gnu-tools-for-stm32.7-2018-q2-update.macos64_1.0.0.201904181610/tools/bin/../lib/gcc/arm-none-eabi/7.3.1/thumb/v7e-m/fpv4-sp/hard/libgcc.a(_arm_fixdfsi.o)
                0x0000000008000b88                __fixdfsi
                0x0000000008000b88                __aeabi_d2iz
 .text          0x0000000008000bd8       0x40 /Applications/STM32CubeIDE.app/Contents/Eclipse/plugins/com.st.stm32cube.ide.mcu.externaltools.gnu-tools-for-stm32.7-2018-q2-update.macos64_1.0.0.201904181610/tools/bin/../lib/gcc/arm-none-eabi/7.3.1/thumb/v7e-m/fpv4-sp/hard/libgcc.a(_arm_fixunsdfsi.o)
                0x0000000008000bd8                __fixunsdfsi
                0x0000000008000bd8                __aeabi_d2uiz
 .text          0x0000000008000c18       0xa0 /Applications/STM32CubeIDE.app/Contents/Eclipse/plugins/com.st.stm32cube.ide.mcu.externaltools.gnu-tools-for-stm32.7-2018-q2-update.macos64_1.0.0.201904181610/tools/bin/../lib/gcc/arm-none-eabi/7.3.1/thumb/v7e-m/fpv4-sp/hard/libgcc.a(_arm_truncdfsf2.o)
                0x0000000008000c18                __aeabi_d2f
                0x0000000008000c18                __truncdfsf2
 .text          0x0000000008000cb8       0x30 /Applications/STM32CubeIDE.app/Contents/Eclipse/plugins/com.st.stm32cube.ide.mcu.externaltools.gnu-tools-for-stm32.7-2018-q2-update.macos64_1.0.0.201904181610/tools/bin/../lib/gcc/arm-none-eabi/7.3.1/thumb/v7e-m/fpv4-sp/hard/libgcc.a(_aeabi_uldivmod.o)
                0x0000000008000cb8                __aeabi_uldivmod
 .text          0x0000000008000ce8      0x2cc /Applications/STM32CubeIDE.app/Contents/Eclipse/plugins/com.st.stm32cube.ide.mcu.externaltools.gnu-tools-for-stm32.7-2018-q2-update.macos64_1.0.0.201904181610/tools/bin/../lib/gcc/arm-none-eabi/7.3.1/thumb/v7e-m/fpv4-sp/hard/libgcc.a(_udivmoddi4.o)
                0x0000000008000ce8                __udivmoddi4
 .text          0x0000000008000fb4        0x4 /Applications/STM32CubeIDE.app/Contents/Eclipse/plugins/com.st.stm32cube.ide.mcu.externaltools.gnu-tools-for-stm32.7-2018-q2-update.macos64_1.0.0.201904181610/tools/bin/../lib/gcc/arm-none-eabi/7.3.1/thumb/v7e-m/fpv4-sp/hard/libgcc.a(_dvmd_tls.o)
                0x0000000008000fb4                __aeabi_ldiv0
                0x0000000008000fb4                __aeabi_idiv0
 *(.text*)
 .text.L6474_AttachErrorHandler
                0x0000000008000fb8       0x20 Drivers/BSP/Components/l6474/l6474.o
                0x0000000008000fb8                L6474_AttachErrorHandler
 .text.L6474_AttachFlagInterrupt
                0x0000000008000fd8       0x20 Drivers/BSP/Components/l6474/l6474.o
                0x0000000008000fd8                L6474_AttachFlagInterrupt
 .text.L6474_CmdDisable
                0x0000000008000ff8       0x1c Drivers/BSP/Components/l6474/l6474.o
                0x0000000008000ff8                L6474_CmdDisable
 .text.L6474_CmdEnable
                0x0000000008001014       0x1c Drivers/BSP/Components/l6474/l6474.o
                0x0000000008001014                L6474_CmdEnable
 .text.L6474_CmdGetParam
                0x0000000008001030      0x1e8 Drivers/BSP/Components/l6474/l6474.o
                0x0000000008001030                L6474_CmdGetParam
 .text.L6474_CmdGetStatus
                0x0000000008001218      0x10c Drivers/BSP/Components/l6474/l6474.o
                0x0000000008001218                L6474_CmdGetStatus
 .text.L6474_CmdNop
                0x0000000008001324       0x1c Drivers/BSP/Components/l6474/l6474.o
                0x0000000008001324                L6474_CmdNop
 .text.L6474_CmdSetParam
                0x0000000008001340      0x1c8 Drivers/BSP/Components/l6474/l6474.o
                0x0000000008001340                L6474_CmdSetParam
 .text.L6474_Init
                0x0000000008001508       0x98 Drivers/BSP/Components/l6474/l6474.o
                0x0000000008001508                L6474_Init
 .text.L6474_GetAcceleration
                0x00000000080015a0       0x30 Drivers/BSP/Components/l6474/l6474.o
                0x00000000080015a0                L6474_GetAcceleration
 .text.L6474_GetAnalogValue
                0x00000000080015d0       0xd8 Drivers/BSP/Components/l6474/l6474.o
                0x00000000080015d0                L6474_GetAnalogValue
 .text.L6474_GetCurrentSpeed
                0x00000000080016a8       0x30 Drivers/BSP/Components/l6474/l6474.o
                0x00000000080016a8                L6474_GetCurrentSpeed
 .text.L6474_GetDeceleration
                0x00000000080016d8       0x30 Drivers/BSP/Components/l6474/l6474.o
                0x00000000080016d8                L6474_GetDeceleration
 .text.L6474_GetDeviceState
                0x0000000008001708       0x30 Drivers/BSP/Components/l6474/l6474.o
                0x0000000008001708                L6474_GetDeviceState
 .text.L6474_GetDirection
                0x0000000008001738       0x30 Drivers/BSP/Components/l6474/l6474.o
                0x0000000008001738                L6474_GetDirection
 .text.L6474_GetFwVersion
                0x0000000008001768       0x12 Drivers/BSP/Components/l6474/l6474.o
                0x0000000008001768                L6474_GetFwVersion
 *fill*         0x000000000800177a        0x2 
 .text.L6474_GetMotorHandle
                0x000000000800177c       0x14 Drivers/BSP/Components/l6474/l6474.o
                0x000000000800177c                L6474_GetMotorHandle
 .text.L6474_GetMark
                0x0000000008001790       0x26 Drivers/BSP/Components/l6474/l6474.o
                0x0000000008001790                L6474_GetMark
 *fill*         0x00000000080017b6        0x2 
 .text.L6474_GetMaxSpeed
                0x00000000080017b8       0x30 Drivers/BSP/Components/l6474/l6474.o
                0x00000000080017b8                L6474_GetMaxSpeed
 .text.L6474_GetMinSpeed
                0x00000000080017e8       0x30 Drivers/BSP/Components/l6474/l6474.o
                0x00000000080017e8                L6474_GetMinSpeed
 .text.L6474_GetNbDevices
                0x0000000008001818       0x18 Drivers/BSP/Components/l6474/l6474.o
                0x0000000008001818                L6474_GetNbDevices
 .text.L6474_GetPosition
                0x0000000008001830       0x26 Drivers/BSP/Components/l6474/l6474.o
                0x0000000008001830                L6474_GetPosition
 *fill*         0x0000000008001856        0x2 
 .text.L6474_GetStepMode
                0x0000000008001858       0x78 Drivers/BSP/Components/l6474/l6474.o
                0x0000000008001858                L6474_GetStepMode
 .text.L6474_GetStopMode
                0x00000000080018d0       0x30 Drivers/BSP/Components/l6474/l6474.o
                0x00000000080018d0                L6474_GetStopMode
 .text.L6474_GoHome
                0x0000000008001900       0x1c Drivers/BSP/Components/l6474/l6474.o
                0x0000000008001900                L6474_GoHome
 .text.L6474_GoMark
                0x000000000800191c       0x34 Drivers/BSP/Components/l6474/l6474.o
                0x000000000800191c                L6474_GoMark
 .text.L6474_GoTo
                0x0000000008001950       0xfc Drivers/BSP/Components/l6474/l6474.o
                0x0000000008001950                L6474_GoTo
 .text.L6474_HardStop
                0x0000000008001a4c       0x94 Drivers/BSP/Components/l6474/l6474.o
                0x0000000008001a4c                L6474_HardStop
 .text.L6474_HizStop
                0x0000000008001ae0       0x78 Drivers/BSP/Components/l6474/l6474.o
                0x0000000008001ae0                L6474_HizStop
 .text.L6474_Move
                0x0000000008001b58       0xb0 Drivers/BSP/Components/l6474/l6474.o
                0x0000000008001b58                L6474_Move
 .text.L6474_ReadId
                0x0000000008001c08       0x18 Drivers/BSP/Components/l6474/l6474.o
                0x0000000008001c08                L6474_ReadId
 .text.L6474_ReadStatusRegister
                0x0000000008001c20       0x20 Drivers/BSP/Components/l6474/l6474.o
                0x0000000008001c20                L6474_ReadStatusRegister
 .text.L6474_ReleaseReset
                0x0000000008001c40       0x1a Drivers/BSP/Components/l6474/l6474.o
                0x0000000008001c40                L6474_ReleaseReset
 .text.L6474_Reset
                0x0000000008001c5a       0x1a Drivers/BSP/Components/l6474/l6474.o
                0x0000000008001c5a                L6474_Reset
 .text.L6474_ResetAllDevices
                0x0000000008001c74       0x50 Drivers/BSP/Components/l6474/l6474.o
                0x0000000008001c74                L6474_ResetAllDevices
 .text.L6474_Run
                0x0000000008001cc4       0x64 Drivers/BSP/Components/l6474/l6474.o
                0x0000000008001cc4                L6474_Run
 .text.L6474_SelectStepMode
                0x0000000008001d28       0x90 Drivers/BSP/Components/l6474/l6474.o
                0x0000000008001d28                L6474_SelectStepMode
 .text.L6474_SetAcceleration
                0x0000000008001db8       0x74 Drivers/BSP/Components/l6474/l6474.o
                0x0000000008001db8                L6474_SetAcceleration
 .text.L6474_SetAnalogValue
                0x0000000008001e2c      0x20c Drivers/BSP/Components/l6474/l6474.o
                0x0000000008001e2c                L6474_SetAnalogValue
 .text.L6474_SetDeceleration
                0x0000000008002038       0x74 Drivers/BSP/Components/l6474/l6474.o
                0x0000000008002038                L6474_SetDeceleration
 .text.L6474_SetDirection
                0x00000000080020ac       0x54 Drivers/BSP/Components/l6474/l6474.o
                0x00000000080020ac                L6474_SetDirection
 .text.L6474_SetHome
                0x0000000008002100       0x56 Drivers/BSP/Components/l6474/l6474.o
                0x0000000008002100                L6474_SetHome
 *fill*         0x0000000008002156        0x2 
 .text.L6474_SetNbDevices
                0x0000000008002158       0x38 Drivers/BSP/Components/l6474/l6474.o
                0x0000000008002158                L6474_SetNbDevices
 .text.L6474_SetMark
                0x0000000008002190       0x3c Drivers/BSP/Components/l6474/l6474.o
                0x0000000008002190                L6474_SetMark
 .text.L6474_SetMaxSpeed
                0x00000000080021cc       0x98 Drivers/BSP/Components/l6474/l6474.o
                0x00000000080021cc                L6474_SetMaxSpeed
 .text.L6474_SetMinSpeed
                0x0000000008002264       0x98 Drivers/BSP/Components/l6474/l6474.o
                0x0000000008002264                L6474_SetMinSpeed
 .text.L6474_SetStopMode
                0x00000000080022fc       0x34 Drivers/BSP/Components/l6474/l6474.o
                0x00000000080022fc                L6474_SetStopMode
 .text.L6474_SoftStop
                0x0000000008002330       0x50 Drivers/BSP/Components/l6474/l6474.o
                0x0000000008002330                L6474_SoftStop
 .text.L6474_WaitWhileActive
                0x0000000008002380       0x22 Drivers/BSP/Components/l6474/l6474.o
                0x0000000008002380                L6474_WaitWhileActive
 *fill*         0x00000000080023a2        0x2 
 .text.L6474_ApplySpeed
                0x00000000080023a4       0x78 Drivers/BSP/Components/l6474/l6474.o
                0x00000000080023a4                L6474_ApplySpeed
 .text.L6474_ComputeSpeedProfile
                0x000000000800241c      0x17c Drivers/BSP/Components/l6474/l6474.o
                0x000000000800241c                L6474_ComputeSpeedProfile
 .text.L6474_ConvertPosition
                0x0000000008002598       0x40 Drivers/BSP/Components/l6474/l6474.o
                0x0000000008002598                L6474_ConvertPosition
 .text.L6474_ErrorHandler
                0x00000000080025d8       0x2c Drivers/BSP/Components/l6474/l6474.o
                0x00000000080025d8                L6474_ErrorHandler
 .text.L6474_FlagInterruptHandler
                0x0000000008002604       0x2c Drivers/BSP/Components/l6474/l6474.o
                0x0000000008002604                L6474_FlagInterruptHandler
 .text.L6474_SendCommand
                0x0000000008002630       0xa4 Drivers/BSP/Components/l6474/l6474.o
                0x0000000008002630                L6474_SendCommand
 .text.L6474_SetDeviceParamsToGivenValues
                0x00000000080026d4      0x148 Drivers/BSP/Components/l6474/l6474.o
                0x00000000080026d4                L6474_SetDeviceParamsToGivenValues
 .text.L6474_SetDeviceParamsToPredefinedValues
                0x000000000800281c      0x13c Drivers/BSP/Components/l6474/l6474.o
                0x000000000800281c                L6474_SetDeviceParamsToPredefinedValues
 .text.L6474_SetRegisterToGivenValues
                0x0000000008002958       0xf6 Drivers/BSP/Components/l6474/l6474.o
                0x0000000008002958                L6474_SetRegisterToGivenValues
 *fill*         0x0000000008002a4e        0x2 
 .text.L6474_SetRegisterToPredefinedValues
                0x0000000008002a50      0x1f0 Drivers/BSP/Components/l6474/l6474.o
                0x0000000008002a50                L6474_SetRegisterToPredefinedValues
 .text.L6474_StartMovement
                0x0000000008002c40       0xa4 Drivers/BSP/Components/l6474/l6474.o
                0x0000000008002c40                L6474_StartMovement
 .text.L6474_StepClockHandler
                0x0000000008002ce4      0x5b8 Drivers/BSP/Components/l6474/l6474.o
                0x0000000008002ce4                L6474_StepClockHandler
 .text.L6474_Ocd_Th_to_Par
                0x000000000800329c       0x48 Drivers/BSP/Components/l6474/l6474.o
                0x000000000800329c                L6474_Ocd_Th_to_Par
 .text.L6474_Ocd_Par_to_Th
                0x00000000080032e4       0x30 Drivers/BSP/Components/l6474/l6474.o
                0x00000000080032e4                L6474_Ocd_Par_to_Th
 .text.L6474_Tval_Current_to_Par
                0x0000000008003314       0x48 Drivers/BSP/Components/l6474/l6474.o
                0x0000000008003314                L6474_Tval_Current_to_Par
 .text.L6474_Tval_Par_to_Current
                0x000000000800335c       0x30 Drivers/BSP/Components/l6474/l6474.o
                0x000000000800335c                L6474_Tval_Par_to_Current
 .text.L6474_Tmin_Par_to_Time
                0x000000000800338c       0x2c Drivers/BSP/Components/l6474/l6474.o
                0x000000000800338c                L6474_Tmin_Par_to_Time
 .text.L6474_Tmin_Time_to_Par
                0x00000000080033b8       0x3a Drivers/BSP/Components/l6474/l6474.o
                0x00000000080033b8                L6474_Tmin_Time_to_Par
 *fill*         0x00000000080033f2        0x2 
 .text.L6474_WriteBytes
                0x00000000080033f4       0x4c Drivers/BSP/Components/l6474/l6474.o
                0x00000000080033f4                L6474_WriteBytes
 .text.L6474_Board_Delay
                0x0000000008003440       0x16 Drivers/BSP/STM32F4xx-Nucleo/x_nucleo_ihm01a1_stm32f4xx.o
                0x0000000008003440                L6474_Board_Delay
 .text.L6474_Board_DisableIrq
                0x0000000008003456       0x10 Drivers/BSP/STM32F4xx-Nucleo/x_nucleo_ihm01a1_stm32f4xx.o
                0x0000000008003456                L6474_Board_DisableIrq
 .text.L6474_Board_EnableIrq
                0x0000000008003466       0x10 Drivers/BSP/STM32F4xx-Nucleo/x_nucleo_ihm01a1_stm32f4xx.o
                0x0000000008003466                L6474_Board_EnableIrq
 *fill*         0x0000000008003476        0x2 
 .text.L6474_Board_GpioInit
                0x0000000008003478      0x160 Drivers/BSP/STM32F4xx-Nucleo/x_nucleo_ihm01a1_stm32f4xx.o
                0x0000000008003478                L6474_Board_GpioInit
 .text.L6474_Board_Pwm1SetFreq
                0x00000000080035d8       0x50 Drivers/BSP/STM32F4xx-Nucleo/x_nucleo_ihm01a1_stm32f4xx.o
                0x00000000080035d8                L6474_Board_Pwm1SetFreq
 .text.L6474_Board_Pwm2SetFreq
                0x0000000008003628       0x50 Drivers/BSP/STM32F4xx-Nucleo/x_nucleo_ihm01a1_stm32f4xx.o
                0x0000000008003628                L6474_Board_Pwm2SetFreq
 .text.L6474_Board_Pwm3SetFreq
                0x0000000008003678       0x50 Drivers/BSP/STM32F4xx-Nucleo/x_nucleo_ihm01a1_stm32f4xx.o
                0x0000000008003678                L6474_Board_Pwm3SetFreq
 .text.L6474_Board_PwmInit
                0x00000000080036c8       0xb0 Drivers/BSP/STM32F4xx-Nucleo/x_nucleo_ihm01a1_stm32f4xx.o
                0x00000000080036c8                L6474_Board_PwmInit
 .text.L6474_Board_PwmStop
                0x0000000008003778       0x4c Drivers/BSP/STM32F4xx-Nucleo/x_nucleo_ihm01a1_stm32f4xx.o
                0x0000000008003778                L6474_Board_PwmStop
 .text.L6474_Board_ReleaseReset
                0x00000000080037c4       0x24 Drivers/BSP/STM32F4xx-Nucleo/x_nucleo_ihm01a1_stm32f4xx.o
                0x00000000080037c4                L6474_Board_ReleaseReset
 .text.L6474_Board_Reset
                0x00000000080037e8       0x24 Drivers/BSP/STM32F4xx-Nucleo/x_nucleo_ihm01a1_stm32f4xx.o
                0x00000000080037e8                L6474_Board_Reset
 .text.L6474_Board_SetDirectionGpio
                0x000000000800380c       0x5c Drivers/BSP/STM32F4xx-Nucleo/x_nucleo_ihm01a1_stm32f4xx.o
                0x000000000800380c                L6474_Board_SetDirectionGpio
 .text.L6474_Board_SpiInit
                0x0000000008003868       0x70 Drivers/BSP/STM32F4xx-Nucleo/x_nucleo_ihm01a1_stm32f4xx.o
                0x0000000008003868                L6474_Board_SpiInit
 .text.L6474_Board_SpiWriteBytes
                0x00000000080038d8       0x74 Drivers/BSP/STM32F4xx-Nucleo/x_nucleo_ihm01a1_stm32f4xx.o
                0x00000000080038d8                L6474_Board_SpiWriteBytes
 .text.l647x_GetMotorHandle
                0x000000000800394c       0x10 Drivers/BSP/X-NUCLEO-IHMxx/x_nucleo_ihmxx.o
                0x000000000800394c                l647x_GetMotorHandle
 .text.l648x_GetMotorHandle
                0x000000000800395c       0x10 Drivers/BSP/X-NUCLEO-IHMxx/x_nucleo_ihmxx.o
                0x000000000800395c                l648x_GetMotorHandle
 .text.Powerstep01_GetMotorHandle
                0x000000000800396c       0x10 Drivers/BSP/X-NUCLEO-IHMxx/x_nucleo_ihmxx.o
                0x000000000800396c                Powerstep01_GetMotorHandle
 .text.L6206_GetMotorHandle
                0x000000000800397c       0x10 Drivers/BSP/X-NUCLEO-IHMxx/x_nucleo_ihmxx.o
                0x000000000800397c                L6206_GetMotorHandle
 .text.L6208_GetMotorHandle
                0x000000000800398c       0x10 Drivers/BSP/X-NUCLEO-IHMxx/x_nucleo_ihmxx.o
                0x000000000800398c                L6208_GetMotorHandle
 .text.Stspin220_GetMotorHandle
                0x000000000800399c       0x10 Drivers/BSP/X-NUCLEO-IHMxx/x_nucleo_ihmxx.o
                0x000000000800399c                Stspin220_GetMotorHandle
 .text.Stspin240_250_GetMotorHandle
                0x00000000080039ac       0x10 Drivers/BSP/X-NUCLEO-IHMxx/x_nucleo_ihmxx.o
                0x00000000080039ac                Stspin240_250_GetMotorHandle
 .text.BSP_MotorControl_AttachErrorHandler
                0x00000000080039bc       0x3c Drivers/BSP/X-NUCLEO-IHMxx/x_nucleo_ihmxx.o
                0x00000000080039bc                BSP_MotorControl_AttachErrorHandler
 .text.BSP_MotorControl_AttachFlagInterrupt
                0x00000000080039f8       0x3c Drivers/BSP/X-NUCLEO-IHMxx/x_nucleo_ihmxx.o
                0x00000000080039f8                BSP_MotorControl_AttachFlagInterrupt
 .text.BSP_MotorControl_ErrorHandler
                0x0000000008003a34       0x3c Drivers/BSP/X-NUCLEO-IHMxx/x_nucleo_ihmxx.o
                0x0000000008003a34                BSP_MotorControl_ErrorHandler
 .text.BSP_MotorControl_Init
                0x0000000008003a70       0x40 Drivers/BSP/X-NUCLEO-IHMxx/x_nucleo_ihmxx.o
                0x0000000008003a70                BSP_MotorControl_Init
 .text.BSP_MotorControl_FlagInterruptHandler
                0x0000000008003ab0       0x30 Drivers/BSP/X-NUCLEO-IHMxx/x_nucleo_ihmxx.o
                0x0000000008003ab0                BSP_MotorControl_FlagInterruptHandler
 .text.BSP_MotorControl_GetAcceleration
                0x0000000008003ae0       0x48 Drivers/BSP/X-NUCLEO-IHMxx/x_nucleo_ihmxx.o
                0x0000000008003ae0                BSP_MotorControl_GetAcceleration
 .text.BSP_MotorControl_GetCurrentSpeed
                0x0000000008003b28       0x48 Drivers/BSP/X-NUCLEO-IHMxx/x_nucleo_ihmxx.o
                0x0000000008003b28                BSP_MotorControl_GetCurrentSpeed
 .text.BSP_MotorControl_GetDeceleration
                0x0000000008003b70       0x48 Drivers/BSP/X-NUCLEO-IHMxx/x_nucleo_ihmxx.o
                0x0000000008003b70                BSP_MotorControl_GetDeceleration
 .text.BSP_MotorControl_GetDeviceState
                0x0000000008003bb8       0x48 Drivers/BSP/X-NUCLEO-IHMxx/x_nucleo_ihmxx.o
                0x0000000008003bb8                BSP_MotorControl_GetDeviceState
 .text.BSP_MotorControl_GetPosition
                0x0000000008003c00       0x48 Drivers/BSP/X-NUCLEO-IHMxx/x_nucleo_ihmxx.o
                0x0000000008003c00                BSP_MotorControl_GetPosition
 .text.BSP_MotorControl_GoTo
                0x0000000008003c48       0x44 Drivers/BSP/X-NUCLEO-IHMxx/x_nucleo_ihmxx.o
                0x0000000008003c48                BSP_MotorControl_GoTo
 .text.BSP_MotorControl_SetAcceleration
                0x0000000008003c8c       0x50 Drivers/BSP/X-NUCLEO-IHMxx/x_nucleo_ihmxx.o
                0x0000000008003c8c                BSP_MotorControl_SetAcceleration
 .text.BSP_MotorControl_SetDeceleration
                0x0000000008003cdc       0x50 Drivers/BSP/X-NUCLEO-IHMxx/x_nucleo_ihmxx.o
                0x0000000008003cdc                BSP_MotorControl_SetDeceleration
 .text.BSP_MotorControl_SetHome
                0x0000000008003d2c       0x44 Drivers/BSP/X-NUCLEO-IHMxx/x_nucleo_ihmxx.o
                0x0000000008003d2c                BSP_MotorControl_SetHome
 .text.BSP_MotorControl_SetMaxSpeed
                0x0000000008003d70       0x50 Drivers/BSP/X-NUCLEO-IHMxx/x_nucleo_ihmxx.o
                0x0000000008003d70                BSP_MotorControl_SetMaxSpeed
 .text.BSP_MotorControl_SetMinSpeed
                0x0000000008003dc0       0x50 Drivers/BSP/X-NUCLEO-IHMxx/x_nucleo_ihmxx.o
                0x0000000008003dc0                BSP_MotorControl_SetMinSpeed
 .text.BSP_MotorControl_SoftStop
                0x0000000008003e10       0x48 Drivers/BSP/X-NUCLEO-IHMxx/x_nucleo_ihmxx.o
                0x0000000008003e10                BSP_MotorControl_SoftStop
 .text.BSP_MotorControl_StepClockHandler
                0x0000000008003e58       0x40 Drivers/BSP/X-NUCLEO-IHMxx/x_nucleo_ihmxx.o
                0x0000000008003e58                BSP_MotorControl_StepClockHandler
 .text.BSP_MotorControl_WaitWhileActive
                0x0000000008003e98       0x40 Drivers/BSP/X-NUCLEO-IHMxx/x_nucleo_ihmxx.o
                0x0000000008003e98                BSP_MotorControl_WaitWhileActive
 .text.BSP_MotorControl_CmdGetStatus
                0x0000000008003ed8       0x4c Drivers/BSP/X-NUCLEO-IHMxx/x_nucleo_ihmxx.o
                0x0000000008003ed8                BSP_MotorControl_CmdGetStatus
 .text.BSP_MotorControl_SetNbDevices
                0x0000000008003f24      0x11c Drivers/BSP/X-NUCLEO-IHMxx/x_nucleo_ihmxx.o
                0x0000000008003f24                BSP_MotorControl_SetNbDevices
 .text.SystemInit
                0x0000000008004040       0x6c Drivers/CMSIS/system_stm32f4xx.o
                0x0000000008004040                SystemInit
 .text.HAL_Init
                0x00000000080040ac       0x44 Drivers/STM32F4xx_HAL_Driver/stm32f4xx_hal.o
                0x00000000080040ac                HAL_Init
 .text.HAL_MspInit
                0x00000000080040f0        0xe Drivers/STM32F4xx_HAL_Driver/stm32f4xx_hal.o
                0x00000000080040f0                HAL_MspInit
 *fill*         0x00000000080040fe        0x2 
 .text.HAL_InitTick
                0x0000000008004100       0x60 Drivers/STM32F4xx_HAL_Driver/stm32f4xx_hal.o
                0x0000000008004100                HAL_InitTick
 .text.HAL_IncTick
                0x0000000008004160       0x28 Drivers/STM32F4xx_HAL_Driver/stm32f4xx_hal.o
                0x0000000008004160                HAL_IncTick
 .text.HAL_GetTick
                0x0000000008004188       0x18 Drivers/STM32F4xx_HAL_Driver/stm32f4xx_hal.o
                0x0000000008004188                HAL_GetTick
 .text.HAL_Delay
                0x00000000080041a0       0x44 Drivers/STM32F4xx_HAL_Driver/stm32f4xx_hal.o
                0x00000000080041a0                HAL_Delay
 .text.NVIC_SetPriorityGrouping
                0x00000000080041e4       0x48 Drivers/STM32F4xx_HAL_Driver/stm32f4xx_hal_cortex.o
 .text.NVIC_GetPriorityGrouping
                0x000000000800422c       0x1c Drivers/STM32F4xx_HAL_Driver/stm32f4xx_hal_cortex.o
 .text.NVIC_EnableIRQ
                0x0000000008004248       0x34 Drivers/STM32F4xx_HAL_Driver/stm32f4xx_hal_cortex.o
 .text.NVIC_SetPriority
                0x000000000800427c       0x54 Drivers/STM32F4xx_HAL_Driver/stm32f4xx_hal_cortex.o
 .text.NVIC_EncodePriority
                0x00000000080042d0       0x66 Drivers/STM32F4xx_HAL_Driver/stm32f4xx_hal_cortex.o
 *fill*         0x0000000008004336        0x2 
 .text.SysTick_Config
                0x0000000008004338       0x44 Drivers/STM32F4xx_HAL_Driver/stm32f4xx_hal_cortex.o
 .text.HAL_NVIC_SetPriorityGrouping
                0x000000000800437c       0x16 Drivers/STM32F4xx_HAL_Driver/stm32f4xx_hal_cortex.o
                0x000000000800437c                HAL_NVIC_SetPriorityGrouping
 .text.HAL_NVIC_SetPriority
                0x0000000008004392       0x38 Drivers/STM32F4xx_HAL_Driver/stm32f4xx_hal_cortex.o
                0x0000000008004392                HAL_NVIC_SetPriority
 .text.HAL_NVIC_EnableIRQ
                0x00000000080043ca       0x1c Drivers/STM32F4xx_HAL_Driver/stm32f4xx_hal_cortex.o
                0x00000000080043ca                HAL_NVIC_EnableIRQ
 .text.HAL_SYSTICK_Config
                0x00000000080043e6       0x18 Drivers/STM32F4xx_HAL_Driver/stm32f4xx_hal_cortex.o
                0x00000000080043e6                HAL_SYSTICK_Config
 *fill*         0x00000000080043fe        0x2 
 .text.HAL_DMA_Init
                0x0000000008004400      0x15c Drivers/STM32F4xx_HAL_Driver/stm32f4xx_hal_dma.o
                0x0000000008004400                HAL_DMA_Init
 .text.HAL_DMA_Start_IT
                0x000000000800455c       0xc0 Drivers/STM32F4xx_HAL_Driver/stm32f4xx_hal_dma.o
                0x000000000800455c                HAL_DMA_Start_IT
 .text.HAL_DMA_IRQHandler
                0x000000000800461c      0x314 Drivers/STM32F4xx_HAL_Driver/stm32f4xx_hal_dma.o
                0x000000000800461c                HAL_DMA_IRQHandler
 .text.DMA_SetConfig
                0x0000000008004930       0x5c Drivers/STM32F4xx_HAL_Driver/stm32f4xx_hal_dma.o
 .text.DMA_CalcBaseAndBitshift
                0x000000000800498c       0x6c Drivers/STM32F4xx_HAL_Driver/stm32f4xx_hal_dma.o
 .text.DMA_CheckFifoParam
                0x00000000080049f8       0xf4 Drivers/STM32F4xx_HAL_Driver/stm32f4xx_hal_dma.o
 .text.HAL_GPIO_Init
                0x0000000008004aec      0x304 Drivers/STM32F4xx_HAL_Driver/stm32f4xx_hal_gpio.o
                0x0000000008004aec                HAL_GPIO_Init
 .text.HAL_GPIO_WritePin
                0x0000000008004df0       0x32 Drivers/STM32F4xx_HAL_Driver/stm32f4xx_hal_gpio.o
                0x0000000008004df0                HAL_GPIO_WritePin
 .text.HAL_GPIO_TogglePin
                0x0000000008004e22       0x24 Drivers/STM32F4xx_HAL_Driver/stm32f4xx_hal_gpio.o
                0x0000000008004e22                HAL_GPIO_TogglePin
 *fill*         0x0000000008004e46        0x2 
 .text.HAL_GPIO_EXTI_IRQHandler
                0x0000000008004e48       0x30 Drivers/STM32F4xx_HAL_Driver/stm32f4xx_hal_gpio.o
                0x0000000008004e48                HAL_GPIO_EXTI_IRQHandler
 .text.HAL_RCC_OscConfig
                0x0000000008004e78      0x484 Drivers/STM32F4xx_HAL_Driver/stm32f4xx_hal_rcc.o
                0x0000000008004e78                HAL_RCC_OscConfig
 .text.HAL_RCC_ClockConfig
                0x00000000080052fc      0x1c4 Drivers/STM32F4xx_HAL_Driver/stm32f4xx_hal_rcc.o
                0x00000000080052fc                HAL_RCC_ClockConfig
 .text.HAL_RCC_GetSysClockFreq
                0x00000000080054c0      0x164 Drivers/STM32F4xx_HAL_Driver/stm32f4xx_hal_rcc.o
                0x00000000080054c0                HAL_RCC_GetSysClockFreq
 .text.HAL_RCC_GetHCLKFreq
                0x0000000008005624       0x18 Drivers/STM32F4xx_HAL_Driver/stm32f4xx_hal_rcc.o
                0x0000000008005624                HAL_RCC_GetHCLKFreq
 .text.HAL_RCC_GetPCLK1Freq
                0x000000000800563c       0x28 Drivers/STM32F4xx_HAL_Driver/stm32f4xx_hal_rcc.o
                0x000000000800563c                HAL_RCC_GetPCLK1Freq
 .text.HAL_RCC_GetPCLK2Freq
                0x0000000008005664       0x28 Drivers/STM32F4xx_HAL_Driver/stm32f4xx_hal_rcc.o
                0x0000000008005664                HAL_RCC_GetPCLK2Freq
 .text.HAL_SPI_Init
                0x000000000800568c       0xd6 Drivers/STM32F4xx_HAL_Driver/stm32f4xx_hal_spi.o
                0x000000000800568c                HAL_SPI_Init
 .text.HAL_SPI_TransmitReceive
                0x0000000008005762      0x424 Drivers/STM32F4xx_HAL_Driver/stm32f4xx_hal_spi.o
                0x0000000008005762                HAL_SPI_TransmitReceive
 .text.SPI_WaitFlagStateUntilTimeout
                0x0000000008005b86       0xd2 Drivers/STM32F4xx_HAL_Driver/stm32f4xx_hal_spi.o
 .text.SPI_CheckFlag_BSY
                0x0000000008005c58       0x3c Drivers/STM32F4xx_HAL_Driver/stm32f4xx_hal_spi.o
 .text.HAL_TIM_PWM_Init
                0x0000000008005c94       0x56 Drivers/STM32F4xx_HAL_Driver/stm32f4xx_hal_tim.o
                0x0000000008005c94                HAL_TIM_PWM_Init
 *fill*         0x0000000008005cea        0x2 
 .text.HAL_TIM_PWM_Stop
                0x0000000008005cec       0x98 Drivers/STM32F4xx_HAL_Driver/stm32f4xx_hal_tim.o
                0x0000000008005cec                HAL_TIM_PWM_Stop
 .text.HAL_TIM_PWM_Start_IT
                0x0000000008005d84       0xdc Drivers/STM32F4xx_HAL_Driver/stm32f4xx_hal_tim.o
                0x0000000008005d84                HAL_TIM_PWM_Start_IT
 .text.HAL_TIM_Encoder_Init
                0x0000000008005e60      0x12c Drivers/STM32F4xx_HAL_Driver/stm32f4xx_hal_tim.o
                0x0000000008005e60                HAL_TIM_Encoder_Init
 .text.HAL_TIM_Encoder_Start
                0x0000000008005f8c       0x6e Drivers/STM32F4xx_HAL_Driver/stm32f4xx_hal_tim.o
                0x0000000008005f8c                HAL_TIM_Encoder_Start
 .text.HAL_TIM_IRQHandler
                0x0000000008005ffa      0x210 Drivers/STM32F4xx_HAL_Driver/stm32f4xx_hal_tim.o
                0x0000000008005ffa                HAL_TIM_IRQHandler
 *fill*         0x000000000800620a        0x2 
 .text.HAL_TIM_PWM_ConfigChannel
                0x000000000800620c      0x18c Drivers/STM32F4xx_HAL_Driver/stm32f4xx_hal_tim.o
                0x000000000800620c                HAL_TIM_PWM_ConfigChannel
 .text.HAL_TIM_PeriodElapsedCallback
                0x0000000008006398       0x14 Drivers/STM32F4xx_HAL_Driver/stm32f4xx_hal_tim.o
                0x0000000008006398                HAL_TIM_PeriodElapsedCallback
 .text.HAL_TIM_OC_DelayElapsedCallback
                0x00000000080063ac       0x14 Drivers/STM32F4xx_HAL_Driver/stm32f4xx_hal_tim.o
                0x00000000080063ac                HAL_TIM_OC_DelayElapsedCallback
 .text.HAL_TIM_IC_CaptureCallback
                0x00000000080063c0       0x14 Drivers/STM32F4xx_HAL_Driver/stm32f4xx_hal_tim.o
                0x00000000080063c0                HAL_TIM_IC_CaptureCallback
 .text.HAL_TIM_TriggerCallback
                0x00000000080063d4       0x14 Drivers/STM32F4xx_HAL_Driver/stm32f4xx_hal_tim.o
                0x00000000080063d4                HAL_TIM_TriggerCallback
 .text.TIM_Base_SetConfig
                0x00000000080063e8      0x108 Drivers/STM32F4xx_HAL_Driver/stm32f4xx_hal_tim.o
                0x00000000080063e8                TIM_Base_SetConfig
 .text.TIM_OC2_SetConfig
                0x00000000080064f0       0xdc Drivers/STM32F4xx_HAL_Driver/stm32f4xx_hal_tim.o
                0x00000000080064f0                TIM_OC2_SetConfig
 .text.TIM_CCxChannelCmd
                0x00000000080065cc       0x46 Drivers/STM32F4xx_HAL_Driver/stm32f4xx_hal_tim.o
                0x00000000080065cc                TIM_CCxChannelCmd
 *fill*         0x0000000008006612        0x2 
 .text.TIM_OC1_SetConfig
                0x0000000008006614       0xd0 Drivers/STM32F4xx_HAL_Driver/stm32f4xx_hal_tim.o
 .text.TIM_OC3_SetConfig
                0x00000000080066e4       0xd8 Drivers/STM32F4xx_HAL_Driver/stm32f4xx_hal_tim.o
 .text.TIM_OC4_SetConfig
                0x00000000080067bc       0xac Drivers/STM32F4xx_HAL_Driver/stm32f4xx_hal_tim.o
 .text.HAL_TIMEx_MasterConfigSynchronization
                0x0000000008006868       0x8a Drivers/STM32F4xx_HAL_Driver/stm32f4xx_hal_tim_ex.o
                0x0000000008006868                HAL_TIMEx_MasterConfigSynchronization
 .text.HAL_TIMEx_CommutationCallback
                0x00000000080068f2       0x14 Drivers/STM32F4xx_HAL_Driver/stm32f4xx_hal_tim_ex.o
                0x00000000080068f2                HAL_TIMEx_CommutationCallback
 .text.HAL_TIMEx_BreakCallback
                0x0000000008006906       0x14 Drivers/STM32F4xx_HAL_Driver/stm32f4xx_hal_tim_ex.o
                0x0000000008006906                HAL_TIMEx_BreakCallback
 .text.HAL_UART_Init
                0x000000000800691a       0x9a Drivers/STM32F4xx_HAL_Driver/stm32f4xx_hal_uart.o
                0x000000000800691a                HAL_UART_Init
 .text.HAL_UART_Transmit
                0x00000000080069b4      0x132 Drivers/STM32F4xx_HAL_Driver/stm32f4xx_hal_uart.o
                0x00000000080069b4                HAL_UART_Transmit
 *fill*         0x0000000008006ae6        0x2 
 .text.HAL_UART_Receive_DMA
                0x0000000008006ae8      0x100 Drivers/STM32F4xx_HAL_Driver/stm32f4xx_hal_uart.o
                0x0000000008006ae8                HAL_UART_Receive_DMA
 .text.HAL_UART_RxCpltCallback
                0x0000000008006be8       0x14 Drivers/STM32F4xx_HAL_Driver/stm32f4xx_hal_uart.o
                0x0000000008006be8                HAL_UART_RxCpltCallback
 .text.HAL_UART_RxHalfCpltCallback
                0x0000000008006bfc       0x14 Drivers/STM32F4xx_HAL_Driver/stm32f4xx_hal_uart.o
                0x0000000008006bfc                HAL_UART_RxHalfCpltCallback
 .text.HAL_UART_ErrorCallback
                0x0000000008006c10       0x14 Drivers/STM32F4xx_HAL_Driver/stm32f4xx_hal_uart.o
                0x0000000008006c10                HAL_UART_ErrorCallback
 .text.UART_DMAReceiveCplt
                0x0000000008006c24       0x68 Drivers/STM32F4xx_HAL_Driver/stm32f4xx_hal_uart.o
 .text.UART_DMARxHalfCplt
                0x0000000008006c8c       0x1c Drivers/STM32F4xx_HAL_Driver/stm32f4xx_hal_uart.o
 .text.UART_DMAError
                0x0000000008006ca8       0x94 Drivers/STM32F4xx_HAL_Driver/stm32f4xx_hal_uart.o
 .text.UART_WaitOnFlagUntilTimeout
                0x0000000008006d3c       0x94 Drivers/STM32F4xx_HAL_Driver/stm32f4xx_hal_uart.o
 .text.UART_EndTxTransfer
                0x0000000008006dd0       0x2c Drivers/STM32F4xx_HAL_Driver/stm32f4xx_hal_uart.o
 .text.UART_EndRxTransfer
                0x0000000008006dfc       0x3c Drivers/STM32F4xx_HAL_Driver/stm32f4xx_hal_uart.o
 .text.UART_SetConfig
                0x0000000008006e38      0x438 Drivers/STM32F4xx_HAL_Driver/stm32f4xx_hal_uart.o
 .text.SystemClock_Config
                0x0000000008007270       0xbc Example/User/clock_f4.o
                0x0000000008007270                SystemClock_Config
 .text.rotor_position_set
                0x000000000800732c       0x22 Example/User/main.o
                0x000000000800732c                rotor_position_set
 .text.rotor_position_read
                0x000000000800734e       0x66 Example/User/main.o
                0x000000000800734e                rotor_position_read
 .text.encoder_position_read
                0x00000000080073b4       0x7c Example/User/main.o
                0x00000000080073b4                encoder_position_read
 .text.pid_filter_value_config
                0x0000000008007430       0x44 Example/User/main.o
                0x0000000008007430                pid_filter_value_config
 *fill*         0x0000000008007474        0x4 
 .text.pid_filter_control_execute
                0x0000000008007478      0x1e8 Example/User/main.o
                0x0000000008007478                pid_filter_control_execute
 .text.read_float
                0x0000000008007660       0xc4 Example/User/main.o
                0x0000000008007660                read_float
 .text.read_int
                0x0000000008007724       0xb8 Example/User/main.o
                0x0000000008007724                read_int
 *fill*         0x00000000080077dc        0x4 
 .text.main     0x00000000080077e0     0xa868 Example/User/main.o
                0x00000000080077e0                main
 .text.Extract_Msg
                0x0000000008012048       0x9e Example/User/main.o
                0x0000000008012048                Extract_Msg
 *fill*         0x00000000080120e6        0x2 
 .text.MX_TIM3_Init
                0x00000000080120e8       0x90 Example/User/main.o
 .text.MX_USART2_UART_Init
                0x0000000008012178       0xe4 Example/User/main.o
 .text.MyFlagInterruptHandler
                0x000000000801225c       0x18 Example/User/main.o
 .text.Error_Handler
                0x0000000008012274       0x18 Example/User/main.o
                0x0000000008012274                Error_Handler
 .text.HAL_SPI_MspInit
                0x000000000801228c       0xe0 Example/User/stm32f4xx_hal_msp.o
                0x000000000801228c                HAL_SPI_MspInit
 .text.HAL_TIM_PWM_MspInit
                0x000000000801236c       0x6c Example/User/stm32f4xx_hal_msp.o
                0x000000000801236c                HAL_TIM_PWM_MspInit
 .text.HAL_TIM_PWM_PulseFinishedCallback
                0x00000000080123d8       0x40 Example/User/stm32f4xx_hal_msp.o
                0x00000000080123d8                HAL_TIM_PWM_PulseFinishedCallback
 .text.HAL_TIM_Encoder_MspInit
                0x0000000008012418       0x64 Example/User/stm32f4xx_hal_msp.o
                0x0000000008012418                HAL_TIM_Encoder_MspInit
 .text.HAL_UART_MspInit
                0x000000000801247c       0x74 Example/User/stm32f4xx_hal_msp.o
                0x000000000801247c                HAL_UART_MspInit
 .text.HAL_GPIO_EXTI_Callback
                0x00000000080124f0       0x1e Example/User/stm32f4xx_hal_msp.o
                0x00000000080124f0                HAL_GPIO_EXTI_Callback
 .text.NMI_Handler
                0x000000000801250e        0xe Example/User/stm32f4xx_it.o
                0x000000000801250e                NMI_Handler
 .text.HardFault_Handler
                0x000000000801251c        0x6 Example/User/stm32f4xx_it.o
                0x000000000801251c                HardFault_Handler
 .text.MemManage_Handler
                0x0000000008012522        0x6 Example/User/stm32f4xx_it.o
                0x0000000008012522                MemManage_Handler
 .text.BusFault_Handler
                0x0000000008012528        0x6 Example/User/stm32f4xx_it.o
                0x0000000008012528                BusFault_Handler
 .text.UsageFault_Handler
                0x000000000801252e        0x6 Example/User/stm32f4xx_it.o
                0x000000000801252e                UsageFault_Handler
 .text.SVC_Handler
                0x0000000008012534        0xe Example/User/stm32f4xx_it.o
                0x0000000008012534                SVC_Handler
 .text.DebugMon_Handler
                0x0000000008012542        0xe Example/User/stm32f4xx_it.o
                0x0000000008012542                DebugMon_Handler
 .text.PendSV_Handler
                0x0000000008012550        0xe Example/User/stm32f4xx_it.o
                0x0000000008012550                PendSV_Handler
 .text.SysTick_Handler
                0x000000000801255e        0xc Example/User/stm32f4xx_it.o
                0x000000000801255e                SysTick_Handler
 .text.EXTI15_10_IRQHandler
                0x000000000801256a       0x10 Example/User/stm32f4xx_it.o
                0x000000000801256a                EXTI15_10_IRQHandler
 *fill*         0x000000000801257a        0x2 
 .text.TIM2_IRQHandler
                0x000000000801257c       0x14 Example/User/stm32f4xx_it.o
                0x000000000801257c                TIM2_IRQHandler
 .text.TIM3_IRQHandler
                0x0000000008012590       0x14 Example/User/stm32f4xx_it.o
                0x0000000008012590                TIM3_IRQHandler
 .text.TIM4_IRQHandler
                0x00000000080125a4       0x14 Example/User/stm32f4xx_it.o
                0x00000000080125a4                TIM4_IRQHandler
 .text.DMA1_Stream5_IRQHandler
                0x00000000080125b8       0x14 Example/User/stm32f4xx_it.o
                0x00000000080125b8                DMA1_Stream5_IRQHandler
 .text.Reset_Handler
                0x00000000080125cc       0x50 startup/startup_stm32f401xe.o
                0x00000000080125cc                Reset_Handler
 .text.Default_Handler
                0x000000000801261c        0x2 startup/startup_stm32f401xe.o
                0x000000000801261c                DMA1_Stream3_IRQHandler
                0x000000000801261c                EXTI2_IRQHandler
                0x000000000801261c                SPI4_IRQHandler
                0x000000000801261c                TIM1_CC_IRQHandler
                0x000000000801261c                DMA2_Stream5_IRQHandler
                0x000000000801261c                PVD_IRQHandler
                0x000000000801261c                SDIO_IRQHandler
                0x000000000801261c                TAMP_STAMP_IRQHandler
                0x000000000801261c                EXTI3_IRQHandler
                0x000000000801261c                TIM1_UP_TIM10_IRQHandler
                0x000000000801261c                I2C3_ER_IRQHandler
                0x000000000801261c                EXTI0_IRQHandler
                0x000000000801261c                I2C2_EV_IRQHandler
                0x000000000801261c                DMA1_Stream2_IRQHandler
                0x000000000801261c                FPU_IRQHandler
                0x000000000801261c                DMA2_Stream2_IRQHandler
                0x000000000801261c                SPI1_IRQHandler
                0x000000000801261c                TIM1_BRK_TIM9_IRQHandler
                0x000000000801261c                DMA2_Stream3_IRQHandler
                0x000000000801261c                USART6_IRQHandler
                0x000000000801261c                DMA2_Stream0_IRQHandler
                0x000000000801261c                I2C1_EV_IRQHandler
                0x000000000801261c                DMA1_Stream6_IRQHandler
                0x000000000801261c                DMA1_Stream1_IRQHandler
                0x000000000801261c                RCC_IRQHandler
                0x000000000801261c                Default_Handler
                0x000000000801261c                ADC_IRQHandler
                0x000000000801261c                DMA1_Stream7_IRQHandler
                0x000000000801261c                TIM5_IRQHandler
                0x000000000801261c                DMA2_Stream7_IRQHandler
                0x000000000801261c                I2C3_EV_IRQHandler
                0x000000000801261c                EXTI9_5_IRQHandler
                0x000000000801261c                RTC_WKUP_IRQHandler
                0x000000000801261c                SPI2_IRQHandler
                0x000000000801261c                DMA1_Stream0_IRQHandler
                0x000000000801261c                EXTI4_IRQHandler
                0x000000000801261c                WWDG_IRQHandler
                0x000000000801261c                OTG_FS_WKUP_IRQHandler
                0x000000000801261c                TIM1_TRG_COM_TIM11_IRQHandler
                0x000000000801261c                EXTI1_IRQHandler
                0x000000000801261c                USART2_IRQHandler
                0x000000000801261c                I2C2_ER_IRQHandler
                0x000000000801261c                DMA2_Stream1_IRQHandler
                0x000000000801261c                FLASH_IRQHandler
                0x000000000801261c                DMA2_Stream4_IRQHandler
                0x000000000801261c                USART1_IRQHandler
                0x000000000801261c                OTG_FS_IRQHandler
                0x000000000801261c                SPI3_IRQHandler
                0x000000000801261c                DMA1_Stream4_IRQHandler
                0x000000000801261c                I2C1_ER_IRQHandler
                0x000000000801261c                DMA2_Stream6_IRQHandler
                0x000000000801261c                RTC_Alarm_IRQHandler
 .text.atof     0x000000000801261e        0x6 /Applications/STM32CubeIDE.app/Contents/Eclipse/plugins/com.st.stm32cube.ide.mcu.externaltools.gnu-tools-for-stm32.7-2018-q2-update.macos64_1.0.0.201904181610/tools/bin/../lib/gcc/arm-none-eabi/7.3.1/../../../../arm-none-eabi/lib/thumb/v7e-m/fpv4-sp/hard/libc.a(lib_a-atof.o)
                0x000000000801261e                atof
 .text.atoi     0x0000000008012624        0x8 /Applications/STM32CubeIDE.app/Contents/Eclipse/plugins/com.st.stm32cube.ide.mcu.externaltools.gnu-tools-for-stm32.7-2018-q2-update.macos64_1.0.0.201904181610/tools/bin/../lib/gcc/arm-none-eabi/7.3.1/../../../../arm-none-eabi/lib/thumb/v7e-m/fpv4-sp/hard/libc.a(lib_a-atoi.o)
                0x0000000008012624                atoi
 .text.__libc_init_array
                0x000000000801262c       0x48 /Applications/STM32CubeIDE.app/Contents/Eclipse/plugins/com.st.stm32cube.ide.mcu.externaltools.gnu-tools-for-stm32.7-2018-q2-update.macos64_1.0.0.201904181610/tools/bin/../lib/gcc/arm-none-eabi/7.3.1/../../../../arm-none-eabi/lib/thumb/v7e-m/fpv4-sp/hard/libc.a(lib_a-init.o)
                0x000000000801262c                __libc_init_array
 .text.malloc   0x0000000008012674       0x10 /Applications/STM32CubeIDE.app/Contents/Eclipse/plugins/com.st.stm32cube.ide.mcu.externaltools.gnu-tools-for-stm32.7-2018-q2-update.macos64_1.0.0.201904181610/tools/bin/../lib/gcc/arm-none-eabi/7.3.1/../../../../arm-none-eabi/lib/thumb/v7e-m/fpv4-sp/hard/libc.a(lib_a-malloc.o)
                0x0000000008012674                malloc
 .text._malloc_r
                0x0000000008012684      0x46c /Applications/STM32CubeIDE.app/Contents/Eclipse/plugins/com.st.stm32cube.ide.mcu.externaltools.gnu-tools-for-stm32.7-2018-q2-update.macos64_1.0.0.201904181610/tools/bin/../lib/gcc/arm-none-eabi/7.3.1/../../../../arm-none-eabi/lib/thumb/v7e-m/fpv4-sp/hard/libc.a(lib_a-mallocr.o)
                0x0000000008012684                _malloc_r
 .text.memcpy   0x0000000008012af0       0x16 /Applications/STM32CubeIDE.app/Contents/Eclipse/plugins/com.st.stm32cube.ide.mcu.externaltools.gnu-tools-for-stm32.7-2018-q2-update.macos64_1.0.0.201904181610/tools/bin/../lib/gcc/arm-none-eabi/7.3.1/../../../../arm-none-eabi/lib/thumb/v7e-m/fpv4-sp/hard/libc.a(lib_a-memcpy-stub.o)
                0x0000000008012af0                memcpy
 .text.memset   0x0000000008012b06       0x10 /Applications/STM32CubeIDE.app/Contents/Eclipse/plugins/com.st.stm32cube.ide.mcu.externaltools.gnu-tools-for-stm32.7-2018-q2-update.macos64_1.0.0.201904181610/tools/bin/../lib/gcc/arm-none-eabi/7.3.1/../../../../arm-none-eabi/lib/thumb/v7e-m/fpv4-sp/hard/libc.a(lib_a-memset.o)
                0x0000000008012b06                memset
 *fill*         0x0000000008012b16        0x2 
 .text.__malloc_lock
                0x0000000008012b18        0xc /Applications/STM32CubeIDE.app/Contents/Eclipse/plugins/com.st.stm32cube.ide.mcu.externaltools.gnu-tools-for-stm32.7-2018-q2-update.macos64_1.0.0.201904181610/tools/bin/../lib/gcc/arm-none-eabi/7.3.1/../../../../arm-none-eabi/lib/thumb/v7e-m/fpv4-sp/hard/libc.a(lib_a-mlock.o)
                0x0000000008012b18                __malloc_lock
 .text.__malloc_unlock
                0x0000000008012b24        0xc /Applications/STM32CubeIDE.app/Contents/Eclipse/plugins/com.st.stm32cube.ide.mcu.externaltools.gnu-tools-for-stm32.7-2018-q2-update.macos64_1.0.0.201904181610/tools/bin/../lib/gcc/arm-none-eabi/7.3.1/../../../../arm-none-eabi/lib/thumb/v7e-m/fpv4-sp/hard/libc.a(lib_a-mlock.o)
                0x0000000008012b24                __malloc_unlock
 .text._sbrk_r  0x0000000008012b30       0x20 /Applications/STM32CubeIDE.app/Contents/Eclipse/plugins/com.st.stm32cube.ide.mcu.externaltools.gnu-tools-for-stm32.7-2018-q2-update.macos64_1.0.0.201904181610/tools/bin/../lib/gcc/arm-none-eabi/7.3.1/../../../../arm-none-eabi/lib/thumb/v7e-m/fpv4-sp/hard/libc.a(lib_a-sbrkr.o)
                0x0000000008012b30                _sbrk_r
 .text.sprintf  0x0000000008012b50       0x40 /Applications/STM32CubeIDE.app/Contents/Eclipse/plugins/com.st.stm32cube.ide.mcu.externaltools.gnu-tools-for-stm32.7-2018-q2-update.macos64_1.0.0.201904181610/tools/bin/../lib/gcc/arm-none-eabi/7.3.1/../../../../arm-none-eabi/lib/thumb/v7e-m/fpv4-sp/hard/libc.a(lib_a-sprintf.o)
                0x0000000008012b50                sprintf
 .text.strcpy   0x0000000008012b90       0x10 /Applications/STM32CubeIDE.app/Contents/Eclipse/plugins/com.st.stm32cube.ide.mcu.externaltools.gnu-tools-for-stm32.7-2018-q2-update.macos64_1.0.0.201904181610/tools/bin/../lib/gcc/arm-none-eabi/7.3.1/../../../../arm-none-eabi/lib/thumb/v7e-m/fpv4-sp/hard/libc.a(lib_a-strcpy.o)
                0x0000000008012b90                strcpy
 .text.unlikely.sulp
                0x0000000008012ba0       0x38 /Applications/STM32CubeIDE.app/Contents/Eclipse/plugins/com.st.stm32cube.ide.mcu.externaltools.gnu-tools-for-stm32.7-2018-q2-update.macos64_1.0.0.201904181610/tools/bin/../lib/gcc/arm-none-eabi/7.3.1/../../../../arm-none-eabi/lib/thumb/v7e-m/fpv4-sp/hard/libc.a(lib_a-strtod.o)
 .text._strtod_l
                0x0000000008012bd8      0xbe8 /Applications/STM32CubeIDE.app/Contents/Eclipse/plugins/com.st.stm32cube.ide.mcu.externaltools.gnu-tools-for-stm32.7-2018-q2-update.macos64_1.0.0.201904181610/tools/bin/../lib/gcc/arm-none-eabi/7.3.1/../../../../arm-none-eabi/lib/thumb/v7e-m/fpv4-sp/hard/libc.a(lib_a-strtod.o)
                0x0000000008012bd8                _strtod_l
 .text.strtod   0x00000000080137c0       0x28 /Applications/STM32CubeIDE.app/Contents/Eclipse/plugins/com.st.stm32cube.ide.mcu.externaltools.gnu-tools-for-stm32.7-2018-q2-update.macos64_1.0.0.201904181610/tools/bin/../lib/gcc/arm-none-eabi/7.3.1/../../../../arm-none-eabi/lib/thumb/v7e-m/fpv4-sp/hard/libc.a(lib_a-strtod.o)
                0x00000000080137c0                strtod
 .text._strtol_l.isra.0
                0x00000000080137e8       0xf6 /Applications/STM32CubeIDE.app/Contents/Eclipse/plugins/com.st.stm32cube.ide.mcu.externaltools.gnu-tools-for-stm32.7-2018-q2-update.macos64_1.0.0.201904181610/tools/bin/../lib/gcc/arm-none-eabi/7.3.1/../../../../arm-none-eabi/lib/thumb/v7e-m/fpv4-sp/hard/libc.a(lib_a-strtol.o)
 *fill*         0x00000000080138de        0x2 
 .text.strtol   0x00000000080138e0       0x2c /Applications/STM32CubeIDE.app/Contents/Eclipse/plugins/com.st.stm32cube.ide.mcu.externaltools.gnu-tools-for-stm32.7-2018-q2-update.macos64_1.0.0.201904181610/tools/bin/../lib/gcc/arm-none-eabi/7.3.1/../../../../arm-none-eabi/lib/thumb/v7e-m/fpv4-sp/hard/libc.a(lib_a-strtol.o)
                0x00000000080138e0                strtol
 *fill*         0x000000000801390c        0x4 
 .text._svfprintf_r
                0x0000000008013910     0x143c /Applications/STM32CubeIDE.app/Contents/Eclipse/plugins/com.st.stm32cube.ide.mcu.externaltools.gnu-tools-for-stm32.7-2018-q2-update.macos64_1.0.0.201904181610/tools/bin/../lib/gcc/arm-none-eabi/7.3.1/../../../../arm-none-eabi/lib/thumb/v7e-m/fpv4-sp/hard/libc.a(lib_a-svfprintf.o)
                0x0000000008013910                _svfprintf_r
 .text.sysconf  0x0000000008014d4c       0x1a /Applications/STM32CubeIDE.app/Contents/Eclipse/plugins/com.st.stm32cube.ide.mcu.externaltools.gnu-tools-for-stm32.7-2018-q2-update.macos64_1.0.0.201904181610/tools/bin/../lib/gcc/arm-none-eabi/7.3.1/../../../../arm-none-eabi/lib/thumb/v7e-m/fpv4-sp/hard/libc.a(lib_a-sysconf.o)
                0x0000000008014d4c                sysconf
 *fill*         0x0000000008014d66        0x2 
 .text.startup.register_fini
                0x0000000008014d68       0x14 /Applications/STM32CubeIDE.app/Contents/Eclipse/plugins/com.st.stm32cube.ide.mcu.externaltools.gnu-tools-for-stm32.7-2018-q2-update.macos64_1.0.0.201904181610/tools/bin/../lib/gcc/arm-none-eabi/7.3.1/../../../../arm-none-eabi/lib/thumb/v7e-m/fpv4-sp/hard/libc.a(lib_a-__call_atexit.o)
 .text.atexit   0x0000000008014d7c        0xc /Applications/STM32CubeIDE.app/Contents/Eclipse/plugins/com.st.stm32cube.ide.mcu.externaltools.gnu-tools-for-stm32.7-2018-q2-update.macos64_1.0.0.201904181610/tools/bin/../lib/gcc/arm-none-eabi/7.3.1/../../../../arm-none-eabi/lib/thumb/v7e-m/fpv4-sp/hard/libc.a(lib_a-atexit.o)
                0x0000000008014d7c                atexit
 .text.quorem   0x0000000008014d88      0x118 /Applications/STM32CubeIDE.app/Contents/Eclipse/plugins/com.st.stm32cube.ide.mcu.externaltools.gnu-tools-for-stm32.7-2018-q2-update.macos64_1.0.0.201904181610/tools/bin/../lib/gcc/arm-none-eabi/7.3.1/../../../../arm-none-eabi/lib/thumb/v7e-m/fpv4-sp/hard/libc.a(lib_a-dtoa.o)
 .text._dtoa_r  0x0000000008014ea0      0xb50 /Applications/STM32CubeIDE.app/Contents/Eclipse/plugins/com.st.stm32cube.ide.mcu.externaltools.gnu-tools-for-stm32.7-2018-q2-update.macos64_1.0.0.201904181610/tools/bin/../lib/gcc/arm-none-eabi/7.3.1/../../../../arm-none-eabi/lib/thumb/v7e-m/fpv4-sp/hard/libc.a(lib_a-dtoa.o)
                0x0000000008014ea0                _dtoa_r
 .text.__errno  0x00000000080159f0        0xc /Applications/STM32CubeIDE.app/Contents/Eclipse/plugins/com.st.stm32cube.ide.mcu.externaltools.gnu-tools-for-stm32.7-2018-q2-update.macos64_1.0.0.201904181610/tools/bin/../lib/gcc/arm-none-eabi/7.3.1/../../../../arm-none-eabi/lib/thumb/v7e-m/fpv4-sp/hard/libc.a(lib_a-errno.o)
                0x00000000080159f0                __errno
 .text.__libc_fini_array
                0x00000000080159fc       0x28 /Applications/STM32CubeIDE.app/Contents/Eclipse/plugins/com.st.stm32cube.ide.mcu.externaltools.gnu-tools-for-stm32.7-2018-q2-update.macos64_1.0.0.201904181610/tools/bin/../lib/gcc/arm-none-eabi/7.3.1/../../../../arm-none-eabi/lib/thumb/v7e-m/fpv4-sp/hard/libc.a(lib_a-fini.o)
                0x00000000080159fc                __libc_fini_array
 .text._malloc_trim_r
                0x0000000008015a24       0xa8 /Applications/STM32CubeIDE.app/Contents/Eclipse/plugins/com.st.stm32cube.ide.mcu.externaltools.gnu-tools-for-stm32.7-2018-q2-update.macos64_1.0.0.201904181610/tools/bin/../lib/gcc/arm-none-eabi/7.3.1/../../../../arm-none-eabi/lib/thumb/v7e-m/fpv4-sp/hard/libc.a(lib_a-freer.o)
                0x0000000008015a24                _malloc_trim_r
 .text._free_r  0x0000000008015acc      0x178 /Applications/STM32CubeIDE.app/Contents/Eclipse/plugins/com.st.stm32cube.ide.mcu.externaltools.gnu-tools-for-stm32.7-2018-q2-update.macos64_1.0.0.201904181610/tools/bin/../lib/gcc/arm-none-eabi/7.3.1/../../../../arm-none-eabi/lib/thumb/v7e-m/fpv4-sp/hard/libc.a(lib_a-freer.o)
                0x0000000008015acc                _free_r
 .text.rshift   0x0000000008015c44       0x74 /Applications/STM32CubeIDE.app/Contents/Eclipse/plugins/com.st.stm32cube.ide.mcu.externaltools.gnu-tools-for-stm32.7-2018-q2-update.macos64_1.0.0.201904181610/tools/bin/../lib/gcc/arm-none-eabi/7.3.1/../../../../arm-none-eabi/lib/thumb/v7e-m/fpv4-sp/hard/libc.a(lib_a-gdtoa-gethex.o)
 .text.__hexdig_fun
                0x0000000008015cb8       0x2a /Applications/STM32CubeIDE.app/Contents/Eclipse/plugins/com.st.stm32cube.ide.mcu.externaltools.gnu-tools-for-stm32.7-2018-q2-update.macos64_1.0.0.201904181610/tools/bin/../lib/gcc/arm-none-eabi/7.3.1/../../../../arm-none-eabi/lib/thumb/v7e-m/fpv4-sp/hard/libc.a(lib_a-gdtoa-gethex.o)
                0x0000000008015cb8                __hexdig_fun
 .text.__gethex
                0x0000000008015ce2      0x442 /Applications/STM32CubeIDE.app/Contents/Eclipse/plugins/com.st.stm32cube.ide.mcu.externaltools.gnu-tools-for-stm32.7-2018-q2-update.macos64_1.0.0.201904181610/tools/bin/../lib/gcc/arm-none-eabi/7.3.1/../../../../arm-none-eabi/lib/thumb/v7e-m/fpv4-sp/hard/libc.a(lib_a-gdtoa-gethex.o)
                0x0000000008015ce2                __gethex
 .text.L_shift  0x0000000008016124       0x24 /Applications/STM32CubeIDE.app/Contents/Eclipse/plugins/com.st.stm32cube.ide.mcu.externaltools.gnu-tools-for-stm32.7-2018-q2-update.macos64_1.0.0.201904181610/tools/bin/../lib/gcc/arm-none-eabi/7.3.1/../../../../arm-none-eabi/lib/thumb/v7e-m/fpv4-sp/hard/libc.a(lib_a-gdtoa-hexnan.o)
 .text.__match  0x0000000008016148       0x28 /Applications/STM32CubeIDE.app/Contents/Eclipse/plugins/com.st.stm32cube.ide.mcu.externaltools.gnu-tools-for-stm32.7-2018-q2-update.macos64_1.0.0.201904181610/tools/bin/../lib/gcc/arm-none-eabi/7.3.1/../../../../arm-none-eabi/lib/thumb/v7e-m/fpv4-sp/hard/libc.a(lib_a-gdtoa-hexnan.o)
                0x0000000008016148                __match
 .text.__hexnan
                0x0000000008016170      0x120 /Applications/STM32CubeIDE.app/Contents/Eclipse/plugins/com.st.stm32cube.ide.mcu.externaltools.gnu-tools-for-stm32.7-2018-q2-update.macos64_1.0.0.201904181610/tools/bin/../lib/gcc/arm-none-eabi/7.3.1/../../../../arm-none-eabi/lib/thumb/v7e-m/fpv4-sp/hard/libc.a(lib_a-gdtoa-hexnan.o)
                0x0000000008016170                __hexnan
 .text.__locale_ctype_ptr_l
                0x0000000008016290        0x6 /Applications/STM32CubeIDE.app/Contents/Eclipse/plugins/com.st.stm32cube.ide.mcu.externaltools.gnu-tools-for-stm32.7-2018-q2-update.macos64_1.0.0.201904181610/tools/bin/../lib/gcc/arm-none-eabi/7.3.1/../../../../arm-none-eabi/lib/thumb/v7e-m/fpv4-sp/hard/libc.a(lib_a-locale.o)
                0x0000000008016290                __locale_ctype_ptr_l
 .text.__localeconv_l
                0x0000000008016296        0x4 /Applications/STM32CubeIDE.app/Contents/Eclipse/plugins/com.st.stm32cube.ide.mcu.externaltools.gnu-tools-for-stm32.7-2018-q2-update.macos64_1.0.0.201904181610/tools/bin/../lib/gcc/arm-none-eabi/7.3.1/../../../../arm-none-eabi/lib/thumb/v7e-m/fpv4-sp/hard/libc.a(lib_a-localeconv.o)
                0x0000000008016296                __localeconv_l
 *fill*         0x000000000801629a        0x2 
 .text._localeconv_r
                0x000000000801629c       0x1c /Applications/STM32CubeIDE.app/Contents/Eclipse/plugins/com.st.stm32cube.ide.mcu.externaltools.gnu-tools-for-stm32.7-2018-q2-update.macos64_1.0.0.201904181610/tools/bin/../lib/gcc/arm-none-eabi/7.3.1/../../../../arm-none-eabi/lib/thumb/v7e-m/fpv4-sp/hard/libc.a(lib_a-localeconv.o)
                0x000000000801629c                _localeconv_r
 .text.__retarget_lock_acquire_recursive
                0x00000000080162b8        0x2 /Applications/STM32CubeIDE.app/Contents/Eclipse/plugins/com.st.stm32cube.ide.mcu.externaltools.gnu-tools-for-stm32.7-2018-q2-update.macos64_1.0.0.201904181610/tools/bin/../lib/gcc/arm-none-eabi/7.3.1/../../../../arm-none-eabi/lib/thumb/v7e-m/fpv4-sp/hard/libc.a(lib_a-lock.o)
                0x00000000080162b8                __retarget_lock_acquire_recursive
 .text.__retarget_lock_release_recursive
                0x00000000080162ba        0x2 /Applications/STM32CubeIDE.app/Contents/Eclipse/plugins/com.st.stm32cube.ide.mcu.externaltools.gnu-tools-for-stm32.7-2018-q2-update.macos64_1.0.0.201904181610/tools/bin/../lib/gcc/arm-none-eabi/7.3.1/../../../../arm-none-eabi/lib/thumb/v7e-m/fpv4-sp/hard/libc.a(lib_a-lock.o)
                0x00000000080162ba                __retarget_lock_release_recursive
 .text.__ascii_mbtowc
                0x00000000080162bc       0x24 /Applications/STM32CubeIDE.app/Contents/Eclipse/plugins/com.st.stm32cube.ide.mcu.externaltools.gnu-tools-for-stm32.7-2018-q2-update.macos64_1.0.0.201904181610/tools/bin/../lib/gcc/arm-none-eabi/7.3.1/../../../../arm-none-eabi/lib/thumb/v7e-m/fpv4-sp/hard/libc.a(lib_a-mbtowc_r.o)
                0x00000000080162bc                __ascii_mbtowc
 .text._Balloc  0x00000000080162e0       0x4a /Applications/STM32CubeIDE.app/Contents/Eclipse/plugins/com.st.stm32cube.ide.mcu.externaltools.gnu-tools-for-stm32.7-2018-q2-update.macos64_1.0.0.201904181610/tools/bin/../lib/gcc/arm-none-eabi/7.3.1/../../../../arm-none-eabi/lib/thumb/v7e-m/fpv4-sp/hard/libc.a(lib_a-mprec.o)
                0x00000000080162e0                _Balloc
 .text._Bfree   0x000000000801632a       0x12 /Applications/STM32CubeIDE.app/Contents/Eclipse/plugins/com.st.stm32cube.ide.mcu.externaltools.gnu-tools-for-stm32.7-2018-q2-update.macos64_1.0.0.201904181610/tools/bin/../lib/gcc/arm-none-eabi/7.3.1/../../../../arm-none-eabi/lib/thumb/v7e-m/fpv4-sp/hard/libc.a(lib_a-mprec.o)
                0x000000000801632a                _Bfree
 .text.__multadd
                0x000000000801633c       0x76 /Applications/STM32CubeIDE.app/Contents/Eclipse/plugins/com.st.stm32cube.ide.mcu.externaltools.gnu-tools-for-stm32.7-2018-q2-update.macos64_1.0.0.201904181610/tools/bin/../lib/gcc/arm-none-eabi/7.3.1/../../../../arm-none-eabi/lib/thumb/v7e-m/fpv4-sp/hard/libc.a(lib_a-mprec.o)
                0x000000000801633c                __multadd
 .text.__s2b    0x00000000080163b2       0x7c /Applications/STM32CubeIDE.app/Contents/Eclipse/plugins/com.st.stm32cube.ide.mcu.externaltools.gnu-tools-for-stm32.7-2018-q2-update.macos64_1.0.0.201904181610/tools/bin/../lib/gcc/arm-none-eabi/7.3.1/../../../../arm-none-eabi/lib/thumb/v7e-m/fpv4-sp/hard/libc.a(lib_a-mprec.o)
                0x00000000080163b2                __s2b
 .text.__hi0bits
                0x000000000801642e       0x3e /Applications/STM32CubeIDE.app/Contents/Eclipse/plugins/com.st.stm32cube.ide.mcu.externaltools.gnu-tools-for-stm32.7-2018-q2-update.macos64_1.0.0.201904181610/tools/bin/../lib/gcc/arm-none-eabi/7.3.1/../../../../arm-none-eabi/lib/thumb/v7e-m/fpv4-sp/hard/libc.a(lib_a-mprec.o)
                0x000000000801642e                __hi0bits
 .text.__lo0bits
                0x000000000801646c       0x5e /Applications/STM32CubeIDE.app/Contents/Eclipse/plugins/com.st.stm32cube.ide.mcu.externaltools.gnu-tools-for-stm32.7-2018-q2-update.macos64_1.0.0.201904181610/tools/bin/../lib/gcc/arm-none-eabi/7.3.1/../../../../arm-none-eabi/lib/thumb/v7e-m/fpv4-sp/hard/libc.a(lib_a-mprec.o)
                0x000000000801646c                __lo0bits
 .text.__i2b    0x00000000080164ca       0x12 /Applications/STM32CubeIDE.app/Contents/Eclipse/plugins/com.st.stm32cube.ide.mcu.externaltools.gnu-tools-for-stm32.7-2018-q2-update.macos64_1.0.0.201904181610/tools/bin/../lib/gcc/arm-none-eabi/7.3.1/../../../../arm-none-eabi/lib/thumb/v7e-m/fpv4-sp/hard/libc.a(lib_a-mprec.o)
                0x00000000080164ca                __i2b
 .text.__multiply
                0x00000000080164dc      0x12c /Applications/STM32CubeIDE.app/Contents/Eclipse/plugins/com.st.stm32cube.ide.mcu.externaltools.gnu-tools-for-stm32.7-2018-q2-update.macos64_1.0.0.201904181610/tools/bin/../lib/gcc/arm-none-eabi/7.3.1/../../../../arm-none-eabi/lib/thumb/v7e-m/fpv4-sp/hard/libc.a(lib_a-mprec.o)
                0x00000000080164dc                __multiply
 .text.__pow5mult
                0x0000000008016608       0x80 /Applications/STM32CubeIDE.app/Contents/Eclipse/plugins/com.st.stm32cube.ide.mcu.externaltools.gnu-tools-for-stm32.7-2018-q2-update.macos64_1.0.0.201904181610/tools/bin/../lib/gcc/arm-none-eabi/7.3.1/../../../../arm-none-eabi/lib/thumb/v7e-m/fpv4-sp/hard/libc.a(lib_a-mprec.o)
                0x0000000008016608                __pow5mult
 .text.__lshift
                0x0000000008016688       0xa8 /Applications/STM32CubeIDE.app/Contents/Eclipse/plugins/com.st.stm32cube.ide.mcu.externaltools.gnu-tools-for-stm32.7-2018-q2-update.macos64_1.0.0.201904181610/tools/bin/../lib/gcc/arm-none-eabi/7.3.1/../../../../arm-none-eabi/lib/thumb/v7e-m/fpv4-sp/hard/libc.a(lib_a-mprec.o)
                0x0000000008016688                __lshift
 .text.__mcmp   0x0000000008016730       0x34 /Applications/STM32CubeIDE.app/Contents/Eclipse/plugins/com.st.stm32cube.ide.mcu.externaltools.gnu-tools-for-stm32.7-2018-q2-update.macos64_1.0.0.201904181610/tools/bin/../lib/gcc/arm-none-eabi/7.3.1/../../../../arm-none-eabi/lib/thumb/v7e-m/fpv4-sp/hard/libc.a(lib_a-mprec.o)
                0x0000000008016730                __mcmp
 .text.__mdiff  0x0000000008016764       0xba /Applications/STM32CubeIDE.app/Contents/Eclipse/plugins/com.st.stm32cube.ide.mcu.externaltools.gnu-tools-for-stm32.7-2018-q2-update.macos64_1.0.0.201904181610/tools/bin/../lib/gcc/arm-none-eabi/7.3.1/../../../../arm-none-eabi/lib/thumb/v7e-m/fpv4-sp/hard/libc.a(lib_a-mprec.o)
                0x0000000008016764                __mdiff
 *fill*         0x000000000801681e        0x2 
 .text.__ulp    0x0000000008016820       0x50 /Applications/STM32CubeIDE.app/Contents/Eclipse/plugins/com.st.stm32cube.ide.mcu.externaltools.gnu-tools-for-stm32.7-2018-q2-update.macos64_1.0.0.201904181610/tools/bin/../lib/gcc/arm-none-eabi/7.3.1/../../../../arm-none-eabi/lib/thumb/v7e-m/fpv4-sp/hard/libc.a(lib_a-mprec.o)
                0x0000000008016820                __ulp
 .text.__b2d    0x0000000008016870       0x9c /Applications/STM32CubeIDE.app/Contents/Eclipse/plugins/com.st.stm32cube.ide.mcu.externaltools.gnu-tools-for-stm32.7-2018-q2-update.macos64_1.0.0.201904181610/tools/bin/../lib/gcc/arm-none-eabi/7.3.1/../../../../arm-none-eabi/lib/thumb/v7e-m/fpv4-sp/hard/libc.a(lib_a-mprec.o)
                0x0000000008016870                __b2d
 .text.__d2b    0x000000000801690c       0x9e /Applications/STM32CubeIDE.app/Contents/Eclipse/plugins/com.st.stm32cube.ide.mcu.externaltools.gnu-tools-for-stm32.7-2018-q2-update.macos64_1.0.0.201904181610/tools/bin/../lib/gcc/arm-none-eabi/7.3.1/../../../../arm-none-eabi/lib/thumb/v7e-m/fpv4-sp/hard/libc.a(lib_a-mprec.o)
                0x000000000801690c                __d2b
 .text.__ratio  0x00000000080169aa       0x66 /Applications/STM32CubeIDE.app/Contents/Eclipse/plugins/com.st.stm32cube.ide.mcu.externaltools.gnu-tools-for-stm32.7-2018-q2-update.macos64_1.0.0.201904181610/tools/bin/../lib/gcc/arm-none-eabi/7.3.1/../../../../arm-none-eabi/lib/thumb/v7e-m/fpv4-sp/hard/libc.a(lib_a-mprec.o)
                0x00000000080169aa                __ratio
 .text.__copybits
                0x0000000008016a10       0x34 /Applications/STM32CubeIDE.app/Contents/Eclipse/plugins/com.st.stm32cube.ide.mcu.externaltools.gnu-tools-for-stm32.7-2018-q2-update.macos64_1.0.0.201904181610/tools/bin/../lib/gcc/arm-none-eabi/7.3.1/../../../../arm-none-eabi/lib/thumb/v7e-m/fpv4-sp/hard/libc.a(lib_a-mprec.o)
                0x0000000008016a10                __copybits
 .text.__any_on
                0x0000000008016a44       0x42 /Applications/STM32CubeIDE.app/Contents/Eclipse/plugins/com.st.stm32cube.ide.mcu.externaltools.gnu-tools-for-stm32.7-2018-q2-update.macos64_1.0.0.201904181610/tools/bin/../lib/gcc/arm-none-eabi/7.3.1/../../../../arm-none-eabi/lib/thumb/v7e-m/fpv4-sp/hard/libc.a(lib_a-mprec.o)
                0x0000000008016a44                __any_on
 *fill*         0x0000000008016a86        0x2 
 .text.frexp    0x0000000008016a88       0x6c /Applications/STM32CubeIDE.app/Contents/Eclipse/plugins/com.st.stm32cube.ide.mcu.externaltools.gnu-tools-for-stm32.7-2018-q2-update.macos64_1.0.0.201904181610/tools/bin/../lib/gcc/arm-none-eabi/7.3.1/../../../../arm-none-eabi/lib/thumb/v7e-m/fpv4-sp/hard/libc.a(lib_a-s_frexp.o)
                0x0000000008016a88                frexp
 .text.strncmp  0x0000000008016af4       0x24 /Applications/STM32CubeIDE.app/Contents/Eclipse/plugins/com.st.stm32cube.ide.mcu.externaltools.gnu-tools-for-stm32.7-2018-q2-update.macos64_1.0.0.201904181610/tools/bin/../lib/gcc/arm-none-eabi/7.3.1/../../../../arm-none-eabi/lib/thumb/v7e-m/fpv4-sp/hard/libc.a(lib_a-strncmp.o)
                0x0000000008016af4                strncmp
 .text.strncpy  0x0000000008016b18       0x2a /Applications/STM32CubeIDE.app/Contents/Eclipse/plugins/com.st.stm32cube.ide.mcu.externaltools.gnu-tools-for-stm32.7-2018-q2-update.macos64_1.0.0.201904181610/tools/bin/../lib/gcc/arm-none-eabi/7.3.1/../../../../arm-none-eabi/lib/thumb/v7e-m/fpv4-sp/hard/libc.a(lib_a-strncpy.o)
                0x0000000008016b18                strncpy
 .text.__ssprint_r
                0x0000000008016b42       0xf0 /Applications/STM32CubeIDE.app/Contents/Eclipse/plugins/com.st.stm32cube.ide.mcu.externaltools.gnu-tools-for-stm32.7-2018-q2-update.macos64_1.0.0.201904181610/tools/bin/../lib/gcc/arm-none-eabi/7.3.1/../../../../arm-none-eabi/lib/thumb/v7e-m/fpv4-sp/hard/libc.a(lib_a-svfiprintf.o)
                0x0000000008016b42                __ssprint_r
 .text.__ascii_wctomb
                0x0000000008016c32       0x1a /Applications/STM32CubeIDE.app/Contents/Eclipse/plugins/com.st.stm32cube.ide.mcu.externaltools.gnu-tools-for-stm32.7-2018-q2-update.macos64_1.0.0.201904181610/tools/bin/../lib/gcc/arm-none-eabi/7.3.1/../../../../arm-none-eabi/lib/thumb/v7e-m/fpv4-sp/hard/libc.a(lib_a-wctomb_r.o)
                0x0000000008016c32                __ascii_wctomb
 .text.__register_exitproc
                0x0000000008016c4c       0xac /Applications/STM32CubeIDE.app/Contents/Eclipse/plugins/com.st.stm32cube.ide.mcu.externaltools.gnu-tools-for-stm32.7-2018-q2-update.macos64_1.0.0.201904181610/tools/bin/../lib/gcc/arm-none-eabi/7.3.1/../../../../arm-none-eabi/lib/thumb/v7e-m/fpv4-sp/hard/libc.a(lib_a-__atexit.o)
                0x0000000008016c4c                __register_exitproc
 .text._calloc_r
                0x0000000008016cf8       0x5a /Applications/STM32CubeIDE.app/Contents/Eclipse/plugins/com.st.stm32cube.ide.mcu.externaltools.gnu-tools-for-stm32.7-2018-q2-update.macos64_1.0.0.201904181610/tools/bin/../lib/gcc/arm-none-eabi/7.3.1/../../../../arm-none-eabi/lib/thumb/v7e-m/fpv4-sp/hard/libc.a(lib_a-callocr.o)
                0x0000000008016cf8                _calloc_r
 .text.memmove  0x0000000008016d52       0x32 /Applications/STM32CubeIDE.app/Contents/Eclipse/plugins/com.st.stm32cube.ide.mcu.externaltools.gnu-tools-for-stm32.7-2018-q2-update.macos64_1.0.0.201904181610/tools/bin/../lib/gcc/arm-none-eabi/7.3.1/../../../../arm-none-eabi/lib/thumb/v7e-m/fpv4-sp/hard/libc.a(lib_a-memmove.o)
                0x0000000008016d52                memmove
 .text._realloc_r
                0x0000000008016d84      0x350 /Applications/STM32CubeIDE.app/Contents/Eclipse/plugins/com.st.stm32cube.ide.mcu.externaltools.gnu-tools-for-stm32.7-2018-q2-update.macos64_1.0.0.201904181610/tools/bin/../lib/gcc/arm-none-eabi/7.3.1/../../../../arm-none-eabi/lib/thumb/v7e-m/fpv4-sp/hard/libc.a(lib_a-reallocr.o)
                0x0000000008016d84                _realloc_r
 .text.round    0x00000000080170d4       0x94 /Applications/STM32CubeIDE.app/Contents/Eclipse/plugins/com.st.stm32cube.ide.mcu.externaltools.gnu-tools-for-stm32.7-2018-q2-update.macos64_1.0.0.201904181610/tools/bin/../lib/gcc/arm-none-eabi/7.3.1/../../../../arm-none-eabi/lib/thumb/v7e-m/fpv4-sp/hard/libm.a(lib_a-s_round.o)
                0x00000000080170d4                round
 .text.sin      0x0000000008017168       0x90 /Applications/STM32CubeIDE.app/Contents/Eclipse/plugins/com.st.stm32cube.ide.mcu.externaltools.gnu-tools-for-stm32.7-2018-q2-update.macos64_1.0.0.201904181610/tools/bin/../lib/gcc/arm-none-eabi/7.3.1/../../../../arm-none-eabi/lib/thumb/v7e-m/fpv4-sp/hard/libm.a(lib_a-s_sin.o)
                0x0000000008017168                sin
 .text.__ieee754_rem_pio2
                0x00000000080171f8      0x3e4 /Applications/STM32CubeIDE.app/Contents/Eclipse/plugins/com.st.stm32cube.ide.mcu.externaltools.gnu-tools-for-stm32.7-2018-q2-update.macos64_1.0.0.201904181610/tools/bin/../lib/gcc/arm-none-eabi/7.3.1/../../../../arm-none-eabi/lib/thumb/v7e-m/fpv4-sp/hard/libm.a(lib_a-e_rem_pio2.o)
                0x00000000080171f8                __ieee754_rem_pio2
 *fill*         0x00000000080175dc        0x4 
 .text.__kernel_cos
                0x00000000080175e0      0x18c /Applications/STM32CubeIDE.app/Contents/Eclipse/plugins/com.st.stm32cube.ide.mcu.externaltools.gnu-tools-for-stm32.7-2018-q2-update.macos64_1.0.0.201904181610/tools/bin/../lib/gcc/arm-none-eabi/7.3.1/../../../../arm-none-eabi/lib/thumb/v7e-m/fpv4-sp/hard/libm.a(lib_a-k_cos.o)
                0x00000000080175e0                __kernel_cos
 *fill*         0x000000000801776c        0x4 
 .text.__kernel_rem_pio2
                0x0000000008017770      0x680 /Applications/STM32CubeIDE.app/Contents/Eclipse/plugins/com.st.stm32cube.ide.mcu.externaltools.gnu-tools-for-stm32.7-2018-q2-update.macos64_1.0.0.201904181610/tools/bin/../lib/gcc/arm-none-eabi/7.3.1/../../../../arm-none-eabi/lib/thumb/v7e-m/fpv4-sp/hard/libm.a(lib_a-k_rem_pio2.o)
                0x0000000008017770                __kernel_rem_pio2
 .text.__kernel_sin
                0x0000000008017df0      0x174 /Applications/STM32CubeIDE.app/Contents/Eclipse/plugins/com.st.stm32cube.ide.mcu.externaltools.gnu-tools-for-stm32.7-2018-q2-update.macos64_1.0.0.201904181610/tools/bin/../lib/gcc/arm-none-eabi/7.3.1/../../../../arm-none-eabi/lib/thumb/v7e-m/fpv4-sp/hard/libm.a(lib_a-k_sin.o)
                0x0000000008017df0                __kernel_sin
 .text.fabs     0x0000000008017f64       0x12 /Applications/STM32CubeIDE.app/Contents/Eclipse/plugins/com.st.stm32cube.ide.mcu.externaltools.gnu-tools-for-stm32.7-2018-q2-update.macos64_1.0.0.201904181610/tools/bin/../lib/gcc/arm-none-eabi/7.3.1/../../../../arm-none-eabi/lib/thumb/v7e-m/fpv4-sp/hard/libm.a(lib_a-s_fabs.o)
                0x0000000008017f64                fabs
 *fill*         0x0000000008017f76        0x2 
 .text.floor    0x0000000008017f78      0x108 /Applications/STM32CubeIDE.app/Contents/Eclipse/plugins/com.st.stm32cube.ide.mcu.externaltools.gnu-tools-for-stm32.7-2018-q2-update.macos64_1.0.0.201904181610/tools/bin/../lib/gcc/arm-none-eabi/7.3.1/../../../../arm-none-eabi/lib/thumb/v7e-m/fpv4-sp/hard/libm.a(lib_a-s_floor.o)
                0x0000000008017f78                floor
 .text.scalbn   0x0000000008018080       0xec /Applications/STM32CubeIDE.app/Contents/Eclipse/plugins/com.st.stm32cube.ide.mcu.externaltools.gnu-tools-for-stm32.7-2018-q2-update.macos64_1.0.0.201904181610/tools/bin/../lib/gcc/arm-none-eabi/7.3.1/../../../../arm-none-eabi/lib/thumb/v7e-m/fpv4-sp/hard/libm.a(lib_a-s_scalbn.o)
                0x0000000008018080                scalbn
 .text.copysign
                0x000000000801816c       0x1e /Applications/STM32CubeIDE.app/Contents/Eclipse/plugins/com.st.stm32cube.ide.mcu.externaltools.gnu-tools-for-stm32.7-2018-q2-update.macos64_1.0.0.201904181610/tools/bin/../lib/gcc/arm-none-eabi/7.3.1/../../../../arm-none-eabi/lib/thumb/v7e-m/fpv4-sp/hard/libm.a(lib_a-s_copysign.o)
                0x000000000801816c                copysign
 *fill*         0x000000000801818a        0x2 
 .text._sbrk    0x000000000801818c       0x1c /Applications/STM32CubeIDE.app/Contents/Eclipse/plugins/com.st.stm32cube.ide.mcu.externaltools.gnu-tools-for-stm32.7-2018-q2-update.macos64_1.0.0.201904181610/tools/bin/../lib/gcc/arm-none-eabi/7.3.1/../../../../arm-none-eabi/lib/thumb/v7e-m/fpv4-sp/hard/libnosys.a(sbrk.o)
                0x000000000801818c                _sbrk
 *(.glue_7)
 .glue_7        0x00000000080181a8        0x0 linker stubs
 *(.glue_7t)
 .glue_7t       0x00000000080181a8        0x0 linker stubs
 *(.eh_frame)
 .eh_frame      0x00000000080181a8        0x0 /Applications/STM32CubeIDE.app/Contents/Eclipse/plugins/com.st.stm32cube.ide.mcu.externaltools.gnu-tools-for-stm32.7-2018-q2-update.macos64_1.0.0.201904181610/tools/bin/../lib/gcc/arm-none-eabi/7.3.1/thumb/v7e-m/fpv4-sp/hard/crtbegin.o
 *(.init)
 .init          0x00000000080181a8        0x4 /Applications/STM32CubeIDE.app/Contents/Eclipse/plugins/com.st.stm32cube.ide.mcu.externaltools.gnu-tools-for-stm32.7-2018-q2-update.macos64_1.0.0.201904181610/tools/bin/../lib/gcc/arm-none-eabi/7.3.1/thumb/v7e-m/fpv4-sp/hard/crti.o
                0x00000000080181a8                _init
 .init          0x00000000080181ac        0x8 /Applications/STM32CubeIDE.app/Contents/Eclipse/plugins/com.st.stm32cube.ide.mcu.externaltools.gnu-tools-for-stm32.7-2018-q2-update.macos64_1.0.0.201904181610/tools/bin/../lib/gcc/arm-none-eabi/7.3.1/thumb/v7e-m/fpv4-sp/hard/crtn.o
 *(.fini)
 .fini          0x00000000080181b4        0x4 /Applications/STM32CubeIDE.app/Contents/Eclipse/plugins/com.st.stm32cube.ide.mcu.externaltools.gnu-tools-for-stm32.7-2018-q2-update.macos64_1.0.0.201904181610/tools/bin/../lib/gcc/arm-none-eabi/7.3.1/thumb/v7e-m/fpv4-sp/hard/crti.o
                0x00000000080181b4                _fini
 .fini          0x00000000080181b8        0x8 /Applications/STM32CubeIDE.app/Contents/Eclipse/plugins/com.st.stm32cube.ide.mcu.externaltools.gnu-tools-for-stm32.7-2018-q2-update.macos64_1.0.0.201904181610/tools/bin/../lib/gcc/arm-none-eabi/7.3.1/thumb/v7e-m/fpv4-sp/hard/crtn.o
                0x00000000080181c0                . = ALIGN (0x4)
                0x00000000080181c0                _etext = .

.vfp11_veneer   0x00000000080181c0        0x0
 .vfp11_veneer  0x00000000080181c0        0x0 linker stubs

.v4_bx          0x00000000080181c0        0x0
 .v4_bx         0x00000000080181c0        0x0 linker stubs

.iplt           0x00000000080181c0        0x0
 .iplt          0x00000000080181c0        0x0 /Applications/STM32CubeIDE.app/Contents/Eclipse/plugins/com.st.stm32cube.ide.mcu.externaltools.gnu-tools-for-stm32.7-2018-q2-update.macos64_1.0.0.201904181610/tools/bin/../lib/gcc/arm-none-eabi/7.3.1/thumb/v7e-m/fpv4-sp/hard/crtbegin.o

.rodata         0x00000000080181c0     0x1e68
                0x00000000080181c0                . = ALIGN (0x4)
 *(.rodata)
 .rodata        0x00000000080181c0       0x18 Drivers/CMSIS/system_stm32f4xx.o
                0x00000000080181c0                AHBPrescTable
                0x00000000080181d0                APBPrescTable
 .rodata        0x00000000080181d8        0x8 Drivers/STM32F4xx_HAL_Driver/stm32f4xx_hal_dma.o
 .rodata        0x00000000080181e0     0x19ac Example/User/main.o
 *(.rodata*)
 .rodata._global_impure_ptr
                0x0000000008019b8c        0x4 /Applications/STM32CubeIDE.app/Contents/Eclipse/plugins/com.st.stm32cube.ide.mcu.externaltools.gnu-tools-for-stm32.7-2018-q2-update.macos64_1.0.0.201904181610/tools/bin/../lib/gcc/arm-none-eabi/7.3.1/../../../../arm-none-eabi/lib/thumb/v7e-m/fpv4-sp/hard/libc.a(lib_a-impure.o)
                0x0000000008019b8c                _global_impure_ptr
 .rodata._strtod_l.str1.1
                0x0000000008019b90        0x0 /Applications/STM32CubeIDE.app/Contents/Eclipse/plugins/com.st.stm32cube.ide.mcu.externaltools.gnu-tools-for-stm32.7-2018-q2-update.macos64_1.0.0.201904181610/tools/bin/../lib/gcc/arm-none-eabi/7.3.1/../../../../arm-none-eabi/lib/thumb/v7e-m/fpv4-sp/hard/libc.a(lib_a-strtod.o)
                                          0xc (size before relaxing)
 .rodata.fpi.7448
                0x0000000008019b90       0x14 /Applications/STM32CubeIDE.app/Contents/Eclipse/plugins/com.st.stm32cube.ide.mcu.externaltools.gnu-tools-for-stm32.7-2018-q2-update.macos64_1.0.0.201904181610/tools/bin/../lib/gcc/arm-none-eabi/7.3.1/../../../../arm-none-eabi/lib/thumb/v7e-m/fpv4-sp/hard/libc.a(lib_a-strtod.o)
 .rodata.fpinan.7484
                0x0000000008019ba4       0x14 /Applications/STM32CubeIDE.app/Contents/Eclipse/plugins/com.st.stm32cube.ide.mcu.externaltools.gnu-tools-for-stm32.7-2018-q2-update.macos64_1.0.0.201904181610/tools/bin/../lib/gcc/arm-none-eabi/7.3.1/../../../../arm-none-eabi/lib/thumb/v7e-m/fpv4-sp/hard/libc.a(lib_a-strtod.o)
 .rodata.tinytens
                0x0000000008019bb8       0x28 /Applications/STM32CubeIDE.app/Contents/Eclipse/plugins/com.st.stm32cube.ide.mcu.externaltools.gnu-tools-for-stm32.7-2018-q2-update.macos64_1.0.0.201904181610/tools/bin/../lib/gcc/arm-none-eabi/7.3.1/../../../../arm-none-eabi/lib/thumb/v7e-m/fpv4-sp/hard/libc.a(lib_a-strtod.o)
 .rodata._svfprintf_r.str1.1
                0x0000000008019be0       0x34 /Applications/STM32CubeIDE.app/Contents/Eclipse/plugins/com.st.stm32cube.ide.mcu.externaltools.gnu-tools-for-stm32.7-2018-q2-update.macos64_1.0.0.201904181610/tools/bin/../lib/gcc/arm-none-eabi/7.3.1/../../../../arm-none-eabi/lib/thumb/v7e-m/fpv4-sp/hard/libc.a(lib_a-svfprintf.o)
 .rodata.blanks.8590
                0x0000000008019c14       0x10 /Applications/STM32CubeIDE.app/Contents/Eclipse/plugins/com.st.stm32cube.ide.mcu.externaltools.gnu-tools-for-stm32.7-2018-q2-update.macos64_1.0.0.201904181610/tools/bin/../lib/gcc/arm-none-eabi/7.3.1/../../../../arm-none-eabi/lib/thumb/v7e-m/fpv4-sp/hard/libc.a(lib_a-svfprintf.o)
 .rodata.zeroes.8591
                0x0000000008019c24       0x10 /Applications/STM32CubeIDE.app/Contents/Eclipse/plugins/com.st.stm32cube.ide.mcu.externaltools.gnu-tools-for-stm32.7-2018-q2-update.macos64_1.0.0.201904181610/tools/bin/../lib/gcc/arm-none-eabi/7.3.1/../../../../arm-none-eabi/lib/thumb/v7e-m/fpv4-sp/hard/libc.a(lib_a-svfprintf.o)
 .rodata._dtoa_r.str1.1
                0x0000000008019c34        0xd /Applications/STM32CubeIDE.app/Contents/Eclipse/plugins/com.st.stm32cube.ide.mcu.externaltools.gnu-tools-for-stm32.7-2018-q2-update.macos64_1.0.0.201904181610/tools/bin/../lib/gcc/arm-none-eabi/7.3.1/../../../../arm-none-eabi/lib/thumb/v7e-m/fpv4-sp/hard/libc.a(lib_a-dtoa.o)
                                          0xf (size before relaxing)
 .rodata._setlocale_r.str1.1
                0x0000000008019c41        0x8 /Applications/STM32CubeIDE.app/Contents/Eclipse/plugins/com.st.stm32cube.ide.mcu.externaltools.gnu-tools-for-stm32.7-2018-q2-update.macos64_1.0.0.201904181610/tools/bin/../lib/gcc/arm-none-eabi/7.3.1/../../../../arm-none-eabi/lib/thumb/v7e-m/fpv4-sp/hard/libc.a(lib_a-locale.o)
                                          0x9 (size before relaxing)
 .rodata.str1.1
                0x0000000008019c49        0x2 /Applications/STM32CubeIDE.app/Contents/Eclipse/plugins/com.st.stm32cube.ide.mcu.externaltools.gnu-tools-for-stm32.7-2018-q2-update.macos64_1.0.0.201904181610/tools/bin/../lib/gcc/arm-none-eabi/7.3.1/../../../../arm-none-eabi/lib/thumb/v7e-m/fpv4-sp/hard/libc.a(lib_a-locale.o)
 *fill*         0x0000000008019c4b        0x5 
 .rodata.__mprec_bigtens
                0x0000000008019c50       0x28 /Applications/STM32CubeIDE.app/Contents/Eclipse/plugins/com.st.stm32cube.ide.mcu.externaltools.gnu-tools-for-stm32.7-2018-q2-update.macos64_1.0.0.201904181610/tools/bin/../lib/gcc/arm-none-eabi/7.3.1/../../../../arm-none-eabi/lib/thumb/v7e-m/fpv4-sp/hard/libc.a(lib_a-mprec.o)
                0x0000000008019c50                __mprec_bigtens
 .rodata.__mprec_tens
                0x0000000008019c78       0xc8 /Applications/STM32CubeIDE.app/Contents/Eclipse/plugins/com.st.stm32cube.ide.mcu.externaltools.gnu-tools-for-stm32.7-2018-q2-update.macos64_1.0.0.201904181610/tools/bin/../lib/gcc/arm-none-eabi/7.3.1/../../../../arm-none-eabi/lib/thumb/v7e-m/fpv4-sp/hard/libc.a(lib_a-mprec.o)
                0x0000000008019c78                __mprec_tens
 .rodata.p05.7368
                0x0000000008019d40        0xc /Applications/STM32CubeIDE.app/Contents/Eclipse/plugins/com.st.stm32cube.ide.mcu.externaltools.gnu-tools-for-stm32.7-2018-q2-update.macos64_1.0.0.201904181610/tools/bin/../lib/gcc/arm-none-eabi/7.3.1/../../../../arm-none-eabi/lib/thumb/v7e-m/fpv4-sp/hard/libc.a(lib_a-mprec.o)
 .rodata._ctype_
                0x0000000008019d4c      0x101 /Applications/STM32CubeIDE.app/Contents/Eclipse/plugins/com.st.stm32cube.ide.mcu.externaltools.gnu-tools-for-stm32.7-2018-q2-update.macos64_1.0.0.201904181610/tools/bin/../lib/gcc/arm-none-eabi/7.3.1/../../../../arm-none-eabi/lib/thumb/v7e-m/fpv4-sp/hard/libc.a(lib_a-ctype_.o)
                0x0000000008019d4c                _ctype_
 *fill*         0x0000000008019e4d        0x3 
 .rodata.npio2_hw