stm32f4xx_it.c:71:6:NMI_Handler	4	static
stm32f4xx_it.c:80:6:HardFault_Handler	4	static
stm32f4xx_it.c:93:6:MemManage_Handler	4	static
stm32f4xx_it.c:106:6:BusFault_Handler	4	static
stm32f4xx_it.c:119:6:UsageFault_Handler	4	static
stm32f4xx_it.c:132:6:SVC_Handler	4	static
stm32f4xx_it.c:141:6:DebugMon_Handler	4	static
stm32f4xx_it.c:150:6:PendSV_Handler	4	static
stm32f4xx_it.c:159:6:SysTick_Handler	8	static
stm32f4xx_it.c:176:6:EXTI15_10_IRQHandler	8	static
stm32f4xx_it.c:186:6:TIM2_IRQHandler	8	static
stm32f4xx_it.c:196:6:TIM3_IRQHandler	8	static
stm32f4xx_it.c:206:6:TIM4_IRQHandler	8	static
stm32f4xx_it.c:218:6:USARTx_IRQHandler	8	static
stm32f4xx_it.c:226:6:DMA1_Stream5_IRQHandler	8	static
